Component: ARM Compiler 5.06 update 3 (build 300) Tool: armlink [4d35c9]

==============================================================================

Section Cross References

    startup_stm32f756xx.o(RESET) refers to startup_stm32f756xx.o(STACK) for __initial_sp
    startup_stm32f756xx.o(RESET) refers to startup_stm32f756xx.o(.text) for Reset_Handler
    startup_stm32f756xx.o(RESET) refers to stm32f7xx_it.o(i.SysTick_Handler) for SysTick_Handler
    startup_stm32f756xx.o(RESET) refers to stm32f7xx_it.o(i.TIM3_IRQHandler) for TIM3_IRQHandler
    startup_stm32f756xx.o(.text) refers to system_stm32f7xx.o(i.SystemInit) for SystemInit
    startup_stm32f756xx.o(.text) refers to entry.o(.ARM.Collect$$$$00000000) for __main
    stm32756g_eval.o(i.AUDIO_IO_Delay) refers to stm32f7xx_hal.o(i.HAL_Delay) for HAL_Delay
    stm32756g_eval.o(i.AUDIO_IO_Init) refers to stm32756g_eval.o(i.I2Cx_Init) for I2Cx_Init
    stm32756g_eval.o(i.AUDIO_IO_Read) refers to stm32756g_eval.o(i.I2Cx_ReadMultiple) for I2Cx_ReadMultiple
    stm32756g_eval.o(i.AUDIO_IO_Write) refers to stm32756g_eval.o(i.I2Cx_WriteMultiple) for I2Cx_WriteMultiple
    stm32756g_eval.o(i.BSP_COM_DeInit) refers to stm32f7xx_hal_uart.o(i.HAL_UART_DeInit) for HAL_UART_DeInit
    stm32756g_eval.o(i.BSP_COM_DeInit) refers to stm32756g_eval.o(.data) for .data
    stm32756g_eval.o(i.BSP_COM_Init) refers to stm32f7xx_hal_gpio.o(i.HAL_GPIO_Init) for HAL_GPIO_Init
    stm32756g_eval.o(i.BSP_COM_Init) refers to stm32f7xx_hal_uart.o(i.HAL_UART_Init) for HAL_UART_Init
    stm32756g_eval.o(i.BSP_COM_Init) refers to stm32756g_eval.o(.constdata) for .constdata
    stm32756g_eval.o(i.BSP_COM_Init) refers to stm32756g_eval.o(.data) for .data
    stm32756g_eval.o(i.BSP_Ethernet_ITConfig) refers to stm32f7xx_hal_gpio.o(i.HAL_GPIO_Init) for HAL_GPIO_Init
    stm32756g_eval.o(i.BSP_Ethernet_ITConfig) refers to stm32f7xx_hal_cortex.o(i.HAL_NVIC_SetPriority) for HAL_NVIC_SetPriority
    stm32756g_eval.o(i.BSP_Ethernet_ITConfig) refers to stm32f7xx_hal_cortex.o(i.HAL_NVIC_EnableIRQ) for HAL_NVIC_EnableIRQ
    stm32756g_eval.o(i.BSP_JOY_GetState) refers to stm32756g_eval.o(i.BSP_PB_GetState) for BSP_PB_GetState
    stm32756g_eval.o(i.BSP_JOY_Init) refers to stm32756g_eval_io.o(i.BSP_IO_Init) for BSP_IO_Init
    stm32756g_eval.o(i.BSP_JOY_Init) refers to stm32756g_eval.o(i.BSP_PB_Init) for BSP_PB_Init
    stm32756g_eval.o(i.BSP_LED_DeInit) refers to stm32f7xx_hal_gpio.o(i.HAL_GPIO_WritePin) for HAL_GPIO_WritePin
    stm32756g_eval.o(i.BSP_LED_DeInit) refers to stm32f7xx_hal_gpio.o(i.HAL_GPIO_DeInit) for HAL_GPIO_DeInit
    stm32756g_eval.o(i.BSP_LED_DeInit) refers to stm32756g_eval.o(.constdata) for .constdata
    stm32756g_eval.o(i.BSP_LED_Init) refers to stm32f7xx_hal_gpio.o(i.HAL_GPIO_Init) for HAL_GPIO_Init
    stm32756g_eval.o(i.BSP_LED_Init) refers to stm32f7xx_hal_gpio.o(i.HAL_GPIO_WritePin) for HAL_GPIO_WritePin
    stm32756g_eval.o(i.BSP_LED_Init) refers to stm32756g_eval.o(.constdata) for .constdata
    stm32756g_eval.o(i.BSP_LED_Off) refers to stm32f7xx_hal_gpio.o(i.HAL_GPIO_WritePin) for HAL_GPIO_WritePin
    stm32756g_eval.o(i.BSP_LED_Off) refers to stm32756g_eval.o(.constdata) for .constdata
    stm32756g_eval.o(i.BSP_LED_On) refers to stm32f7xx_hal_gpio.o(i.HAL_GPIO_WritePin) for HAL_GPIO_WritePin
    stm32756g_eval.o(i.BSP_LED_On) refers to stm32756g_eval.o(.constdata) for .constdata
    stm32756g_eval.o(i.BSP_LED_Toggle) refers to stm32f7xx_hal_gpio.o(i.HAL_GPIO_TogglePin) for HAL_GPIO_TogglePin
    stm32756g_eval.o(i.BSP_LED_Toggle) refers to stm32756g_eval.o(.constdata) for .constdata
    stm32756g_eval.o(i.BSP_PB_DeInit) refers to stm32f7xx_hal_cortex.o(i.HAL_NVIC_DisableIRQ) for HAL_NVIC_DisableIRQ
    stm32756g_eval.o(i.BSP_PB_DeInit) refers to stm32f7xx_hal_gpio.o(i.HAL_GPIO_DeInit) for HAL_GPIO_DeInit
    stm32756g_eval.o(i.BSP_PB_DeInit) refers to stm32756g_eval.o(.constdata) for .constdata
    stm32756g_eval.o(i.BSP_PB_DeInit) refers to stm32756g_eval.o(.data) for .data
    stm32756g_eval.o(i.BSP_PB_GetState) refers to stm32f7xx_hal_gpio.o(i.HAL_GPIO_ReadPin) for HAL_GPIO_ReadPin
    stm32756g_eval.o(i.BSP_PB_GetState) refers to stm32756g_eval.o(.constdata) for .constdata
    stm32756g_eval.o(i.BSP_PB_GetState) refers to stm32756g_eval.o(.data) for .data
    stm32756g_eval.o(i.BSP_PB_Init) refers to stm32f7xx_hal_gpio.o(i.HAL_GPIO_Init) for HAL_GPIO_Init
    stm32756g_eval.o(i.BSP_PB_Init) refers to stm32f7xx_hal_cortex.o(i.HAL_NVIC_SetPriority) for HAL_NVIC_SetPriority
    stm32756g_eval.o(i.BSP_PB_Init) refers to stm32f7xx_hal_cortex.o(i.HAL_NVIC_EnableIRQ) for HAL_NVIC_EnableIRQ
    stm32756g_eval.o(i.BSP_PB_Init) refers to stm32756g_eval.o(.constdata) for .constdata
    stm32756g_eval.o(i.BSP_PB_Init) refers to stm32756g_eval.o(.data) for .data
    stm32756g_eval.o(i.BSP_TS3510_IsDetected) refers to stm32756g_eval.o(i.IOE_WriteMultiple) for IOE_WriteMultiple
[...]
    Removing stm32756g_eval.o(i.IOE_ITConfig), (2 bytes).
    Removing stm32756g_eval.o(i.IOE_Init), (4 bytes).
    Removing stm32756g_eval.o(i.IOE_Read), (4 bytes).
    Removing stm32756g_eval.o(i.IOE_ReadMultiple), (14 bytes).
    Removing stm32756g_eval.o(i.IOE_Write), (4 bytes).
    Removing stm32756g_eval.o(i.IOE_WriteMultiple), (14 bytes).
    Removing stm32756g_eval.o(i.MFX_IO_DeInit), (2 bytes).
    Removing stm32756g_eval.o(i.MFX_IO_Delay), (4 bytes).
    Removing stm32756g_eval.o(i.MFX_IO_EnableWakeupPin), (2 bytes).
    Removing stm32756g_eval.o(i.MFX_IO_ITConfig), (116 bytes).
    Removing stm32756g_eval.o(i.MFX_IO_Init), (4 bytes).
    Removing stm32756g_eval.o(i.MFX_IO_Read), (6 bytes).
    Removing stm32756g_eval.o(i.MFX_IO_ReadMultiple), (16 bytes).
    Removing stm32756g_eval.o(i.MFX_IO_Wakeup), (2 bytes).
    Removing stm32756g_eval.o(i.MFX_IO_Write), (6 bytes).
    Removing stm32756g_eval.o(.bss), (60 bytes).
    Removing stm32756g_eval.o(.data), (48 bytes).
    Removing stm32756g_eval_io.o(.rev16_text), (4 bytes).
    Removing stm32756g_eval_io.o(.revsh_text), (4 bytes).
    Removing stm32756g_eval_io.o(.rrx_text), (6 bytes).
    Removing stm32756g_eval_io.o(i.BSP_IO_ConfigIrqOutPin), (4 bytes).
    Removing stm32756g_eval_io.o(i.BSP_IO_ConfigPin), (24 bytes).
    Removing stm32756g_eval_io.o(i.BSP_IO_DeInit), (12 bytes).
    Removing stm32756g_eval_io.o(i.BSP_IO_ITClear), (20 bytes).
    Removing stm32756g_eval_io.o(i.BSP_IO_ITGetStatus), (16 bytes).
    Removing stm32756g_eval_io.o(i.BSP_IO_Init), (46 bytes).
    Removing stm32756g_eval_io.o(i.BSP_IO_ReadPin), (16 bytes).
    Removing stm32756g_eval_io.o(i.BSP_IO_TogglePin), (44 bytes).
    Removing stm32756g_eval_io.o(i.BSP_IO_WritePin), (20 bytes).
    Removing stm32756g_eval_io.o(.data), (4 bytes).
    Removing stm32f7xx_hal_gpio.o(.rev16_text), (4 bytes).
    Removing stm32f7xx_hal_gpio.o(.revsh_text), (4 bytes).
    Removing stm32f7xx_hal_gpio.o(.rrx_text), (6 bytes).
    Removing stm32f7xx_hal_gpio.o(i.HAL_GPIO_DeInit), (340 bytes).
    Removing stm32f7xx_hal_gpio.o(i.HAL_GPIO_EXTI_Callback), (8 bytes).
    Removing stm32f7xx_hal_gpio.o(i.HAL_GPIO_EXTI_IRQHandler), (24 bytes).
    Removing stm32f7xx_hal_gpio.o(i.HAL_GPIO_LockPin), (34 bytes).
    Removing stm32f7xx_hal_gpio.o(i.HAL_GPIO_ReadPin), (10 bytes).
    Removing stm32f7xx_hal.o(.rev16_text), (4 bytes).
    Removing stm32f7xx_hal.o(.revsh_text), (4 bytes).
    Removing stm32f7xx_hal.o(.rrx_text), (6 bytes).
    Removing stm32f7xx_hal.o(i.HAL_DBGMCU_DisableDBGSleepMode), (16 bytes).
    Removing stm32f7xx_hal.o(i.HAL_DBGMCU_DisableDBGStandbyMode), (16 bytes).
    Removing stm32f7xx_hal.o(i.HAL_DBGMCU_DisableDBGStopMode), (16 bytes).
    Removing stm32f7xx_hal.o(i.HAL_DBGMCU_EnableDBGSleepMode), (16 bytes).
    Removing stm32f7xx_hal.o(i.HAL_DBGMCU_EnableDBGStandbyMode), (16 bytes).
    Removing stm32f7xx_hal.o(i.HAL_DBGMCU_EnableDBGStopMode), (16 bytes).
    Removing stm32f7xx_hal.o(i.HAL_DeInit), (52 bytes).
    Removing stm32f7xx_hal.o(i.HAL_Delay), (22 bytes).
    Removing stm32f7xx_hal.o(i.HAL_DisableCompensationCell), (16 bytes).
    Removing stm32f7xx_hal.o(i.HAL_DisableFMCMemorySwapping), (16 bytes).
    Removing stm32f7xx_hal.o(i.HAL_EnableCompensationCell), (16 bytes).
    Removing stm32f7xx_hal.o(i.HAL_EnableFMCMemorySwapping), (16 bytes).
    Removing stm32f7xx_hal.o(i.HAL_GetDEVID), (16 bytes).
    Removing stm32f7xx_hal.o(i.HAL_GetHalVersion), (8 bytes).
    Removing stm32f7xx_hal.o(i.HAL_GetREVID), (12 bytes).
    Removing stm32f7xx_hal.o(i.HAL_MspDeInit), (8 bytes).
    Removing stm32f7xx_hal.o(i.HAL_ResumeTick), (14 bytes).
    Removing stm32f7xx_hal.o(i.HAL_SuspendTick), (14 bytes).
    Removing stm32f7xx_hal_cortex.o(.rev16_text), (4 bytes).
    Removing stm32f7xx_hal_cortex.o(.revsh_text), (4 bytes).
    Removing stm32f7xx_hal_cortex.o(.rrx_text), (6 bytes).
    Removing stm32f7xx_hal_cortex.o(i.HAL_MPU_ConfigRegion), (92 bytes).
    Removing stm32f7xx_hal_cortex.o(i.HAL_NVIC_ClearPendingIRQ), (22 bytes).
    Removing stm32f7xx_hal_cortex.o(i.HAL_NVIC_DisableIRQ), (22 bytes).
    Removing stm32f7xx_hal_cortex.o(i.HAL_NVIC_GetActive), (32 bytes).
    Removing stm32f7xx_hal_cortex.o(i.HAL_NVIC_GetPendingIRQ), (32 bytes).
    Removing stm32f7xx_hal_cortex.o(i.HAL_NVIC_GetPriority), (82 bytes).
    Removing stm32f7xx_hal_cortex.o(i.HAL_NVIC_GetPriorityGrouping), (16 bytes).
    Removing stm32f7xx_hal_cortex.o(i.HAL_NVIC_SetPendingIRQ), (22 bytes).
    Removing stm32f7xx_hal_cortex.o(i.HAL_NVIC_SystemReset), (36 bytes).
    Removing stm32f7xx_hal_cortex.o(i.HAL_SYSTICK_CLKSourceConfig), (24 bytes).
    Removing stm32f7xx_hal_cortex.o(i.HAL_SYSTICK_Callback), (8 bytes).
    Removing stm32f7xx_hal_cortex.o(i.HAL_SYSTICK_IRQHandler), (8 bytes).
    Removing stm32f7xx_hal_dma.o(.rev16_text), (4 bytes).
    Removing stm32f7xx_hal_dma.o(.revsh_text), (4 bytes).
    Removing stm32f7xx_hal_dma.o(.rrx_text), (6 bytes).
    Removing stm32f7xx_hal_dma.o(i.DMA_CalcBaseAndBitshift), (40 bytes).
    Removing stm32f7xx_hal_dma.o(i.DMA_SetConfig), (40 bytes).
    Removing stm32f7xx_hal_dma.o(i.HAL_DMA_Abort), (86 bytes).
    Removing stm32f7xx_hal_dma.o(i.HAL_DMA_DeInit), (86 bytes).
    Removing stm32f7xx_hal_dma.o(i.HAL_DMA_GetError), (4 bytes).
    Removing stm32f7xx_hal_dma.o(i.HAL_DMA_GetState), (6 bytes).
    Removing stm32f7xx_hal_dma.o(i.HAL_DMA_IRQHandler), (408 bytes).
    Removing stm32f7xx_hal_dma.o(i.HAL_DMA_Init), (140 bytes).
    Removing stm32f7xx_hal_dma.o(i.HAL_DMA_PollForTransfer), (328 bytes).
    Removing stm32f7xx_hal_dma.o(i.HAL_DMA_Start), (58 bytes).
    Removing stm32f7xx_hal_dma.o(i.HAL_DMA_Start_IT), (78 bytes).
    Removing stm32f7xx_hal_dma.o(.constdata), (8 bytes).
    Removing stm32f7xx_hal_i2c.o(.rev16_text), (4 bytes).
    Removing stm32f7xx_hal_i2c.o(.revsh_text), (4 bytes).
    Removing stm32f7xx_hal_i2c.o(.rrx_text), (6 bytes).
    Removing stm32f7xx_hal_i2c.o(i.HAL_I2C_DeInit), (46 bytes).
    Removing stm32f7xx_hal_i2c.o(i.HAL_I2C_ER_IRQHandler), (116 bytes).
    Removing stm32f7xx_hal_i2c.o(i.HAL_I2C_EV_IRQHandler), (298 bytes).
    Removing stm32f7xx_hal_i2c.o(i.HAL_I2C_ErrorCallback), (2 bytes).
    Removing stm32f7xx_hal_i2c.o(i.HAL_I2C_GetError), (4 bytes).
    Removing stm32f7xx_hal_i2c.o(i.HAL_I2C_GetState), (6 bytes).
    Removing stm32f7xx_hal_i2c.o(i.HAL_I2C_Init), (172 bytes).
    Removing stm32f7xx_hal_i2c.o(i.HAL_I2C_IsDeviceReady), (292 bytes).
    Removing stm32f7xx_hal_i2c.o(i.HAL_I2C_MasterRxCpltCallback), (2 bytes).
    Removing stm32f7xx_hal_i2c.o(i.HAL_I2C_MasterTxCpltCallback), (2 bytes).
    Removing stm32f7xx_hal_i2c.o(i.HAL_I2C_Master_Receive), (240 bytes).
    Removing stm32f7xx_hal_i2c.o(i.HAL_I2C_Master_Receive_DMA), (196 bytes).
    Removing stm32f7xx_hal_i2c.o(i.HAL_I2C_Master_Receive_IT), (134 bytes).
    Removing stm32f7xx_hal_i2c.o(i.HAL_I2C_Master_Transmit), (240 bytes).
    Removing stm32f7xx_hal_i2c.o(i.HAL_I2C_Master_Transmit_DMA), (212 bytes).
    Removing stm32f7xx_hal_i2c.o(i.HAL_I2C_Master_Transmit_IT), (134 bytes).
    Removing stm32f7xx_hal_i2c.o(i.HAL_I2C_MemRxCpltCallback), (2 bytes).
    Removing stm32f7xx_hal_i2c.o(i.HAL_I2C_MemTxCpltCallback), (2 bytes).
    Removing stm32f7xx_hal_i2c.o(i.HAL_I2C_Mem_Read), (272 bytes).
    Removing stm32f7xx_hal_i2c.o(i.HAL_I2C_Mem_Read_DMA), (216 bytes).
    Removing stm32f7xx_hal_i2c.o(i.HAL_I2C_Mem_Read_IT), (162 bytes).
    Removing stm32f7xx_hal_i2c.o(i.HAL_I2C_Mem_Write), (272 bytes).
    Removing stm32f7xx_hal_i2c.o(i.HAL_I2C_Mem_Write_DMA), (228 bytes).
    Removing stm32f7xx_hal_i2c.o(i.HAL_I2C_Mem_Write_IT), (162 bytes).
    Removing stm32f7xx_hal_i2c.o(i.HAL_I2C_MspDeInit), (2 bytes).
    Removing stm32f7xx_hal_i2c.o(i.HAL_I2C_MspInit), (2 bytes).
    Removing stm32f7xx_hal_i2c.o(i.HAL_I2C_SlaveRxCpltCallback), (2 bytes).
    Removing stm32f7xx_hal_i2c.o(i.HAL_I2C_SlaveTxCpltCallback), (2 bytes).
    Removing stm32f7xx_hal_i2c.o(i.HAL_I2C_Slave_Receive), (258 bytes).
    Removing stm32f7xx_hal_i2c.o(i.HAL_I2C_Slave_Receive_DMA), (172 bytes).
    Removing stm32f7xx_hal_i2c.o(i.HAL_I2C_Slave_Receive_IT), (80 bytes).
    Removing stm32f7xx_hal_i2c.o(i.HAL_I2C_Slave_Transmit), (274 bytes).
    Removing stm32f7xx_hal_i2c.o(i.HAL_I2C_Slave_Transmit_DMA), (200 bytes).
    Removing stm32f7xx_hal_i2c.o(i.HAL_I2C_Slave_Transmit_IT), (80 bytes).
    Removing stm32f7xx_hal_i2c.o(i.I2C_DMAError), (38 bytes).
    Removing stm32f7xx_hal_i2c.o(i.I2C_DMAMasterReceiveCplt), (336 bytes).
    Removing stm32f7xx_hal_i2c.o(i.I2C_DMAMasterTransmitCplt), (316 bytes).
    Removing stm32f7xx_hal_i2c.o(i.I2C_DMAMemReceiveCplt), (336 bytes).
    Removing stm32f7xx_hal_i2c.o(i.I2C_DMAMemTransmitCplt), (316 bytes).
    Removing stm32f7xx_hal_i2c.o(i.I2C_DMASlaveReceiveCplt), (112 bytes).
    Removing stm32f7xx_hal_i2c.o(i.I2C_DMASlaveTransmitCplt), (102 bytes).
    Removing stm32f7xx_hal_i2c.o(i.I2C_IsAcknowledgeFailed), (128 bytes).
    Removing stm32f7xx_hal_i2c.o(i.I2C_MasterReceive_ISR), (300 bytes).
    Removing stm32f7xx_hal_i2c.o(i.I2C_MasterTransmit_ISR), (312 bytes).
    Removing stm32f7xx_hal_i2c.o(i.I2C_RequestMemoryRead), (102 bytes).
    Removing stm32f7xx_hal_i2c.o(i.I2C_RequestMemoryWrite), (102 bytes).
    Removing stm32f7xx_hal_i2c.o(i.I2C_SlaveReceive_ISR), (158 bytes).
    Removing stm32f7xx_hal_i2c.o(i.I2C_SlaveTransmit_ISR), (166 bytes).
    Removing stm32f7xx_hal_i2c.o(i.I2C_TransferConfig), (36 bytes).
    Removing stm32f7xx_hal_i2c.o(i.I2C_WaitOnFlagUntilTimeout), (110 bytes).
    Removing stm32f7xx_hal_i2c.o(i.I2C_WaitOnRXNEFlagUntilTimeout), (128 bytes).
    Removing stm32f7xx_hal_i2c.o(i.I2C_WaitOnSTOPFlagUntilTimeout), (78 bytes).
    Removing stm32f7xx_hal_i2c.o(i.I2C_WaitOnTXISFlagUntilTimeout), (82 bytes).
    Removing stm32f7xx_hal_i2c_ex.o(.rev16_text), (4 bytes).
    Removing stm32f7xx_hal_i2c_ex.o(.revsh_text), (4 bytes).
    Removing stm32f7xx_hal_i2c_ex.o(.rrx_text), (6 bytes).
    Removing stm32f7xx_hal_i2c_ex.o(i.HAL_I2CEx_ConfigAnalogFilter), (118 bytes).
    Removing stm32f7xx_hal_i2c_ex.o(i.HAL_I2CEx_ConfigDigitalFilter), (114 bytes).
    Removing stm32f7xx_hal_pwr_ex.o(.rev16_text), (4 bytes).
    Removing stm32f7xx_hal_pwr_ex.o(.revsh_text), (4 bytes).
    Removing stm32f7xx_hal_pwr_ex.o(.rrx_text), (6 bytes).
    Removing stm32f7xx_hal_pwr_ex.o(i.HAL_PWREx_ControlVoltageScaling), (176 bytes).
    Removing stm32f7xx_hal_pwr_ex.o(i.HAL_PWREx_DisableBkUpReg), (56 bytes).
    Removing stm32f7xx_hal_pwr_ex.o(i.HAL_PWREx_DisableFlashPowerDown), (16 bytes).
    Removing stm32f7xx_hal_pwr_ex.o(i.HAL_PWREx_DisableLowRegulatorLowVoltage), (16 bytes).
    Removing stm32f7xx_hal_pwr_ex.o(i.HAL_PWREx_DisableMainRegulatorLowVoltage), (16 bytes).
    Removing stm32f7xx_hal_pwr_ex.o(i.HAL_PWREx_DisableOverDrive), (108 bytes).
    Removing stm32f7xx_hal_pwr_ex.o(i.HAL_PWREx_EnableBkUpReg), (56 bytes).
    Removing stm32f7xx_hal_pwr_ex.o(i.HAL_PWREx_EnableFlashPowerDown), (16 bytes).
    Removing stm32f7xx_hal_pwr_ex.o(i.HAL_PWREx_EnableLowRegulatorLowVoltage), (16 bytes).
    Removing stm32f7xx_hal_pwr_ex.o(i.HAL_PWREx_EnableMainRegulatorLowVoltage), (16 bytes).
    Removing stm32f7xx_hal_pwr_ex.o(i.HAL_PWREx_EnterUnderDriveSTOPMode), (144 bytes).
    Removing stm32f7xx_hal_pwr_ex.o(i.HAL_PWREx_GetVoltageRange), (16 bytes).
    Removing stm32f7xx_hal_rcc.o(.rev16_text), (4 bytes).
    Removing stm32f7xx_hal_rcc.o(.revsh_text), (4 bytes).
    Removing stm32f7xx_hal_rcc.o(.rrx_text), (6 bytes).
    Removing stm32f7xx_hal_rcc.o(i.HAL_RCC_CSSCallback), (8 bytes).
    Removing stm32f7xx_hal_rcc.o(i.HAL_RCC_DeInit), (88 bytes).
    Removing stm32f7xx_hal_rcc.o(i.HAL_RCC_DisableCSS), (16 bytes).
    Removing stm32f7xx_hal_rcc.o(i.HAL_RCC_EnableCSS), (16 bytes).
    Removing stm32f7xx_hal_rcc.o(i.HAL_RCC_GetClockConfig), (64 bytes).
    Removing stm32f7xx_hal_rcc.o(i.HAL_RCC_GetOscConfig), (228 bytes).
    Removing stm32f7xx_hal_rcc.o(i.HAL_RCC_MCOConfig), (148 bytes).
    Removing stm32f7xx_hal_rcc.o(i.HAL_RCC_NMI_IRQHandler), (28 bytes).
    Removing stm32f7xx_hal_rcc_ex.o(.rev16_text), (4 bytes).
    Removing stm32f7xx_hal_rcc_ex.o(.revsh_text), (4 bytes).
    Removing stm32f7xx_hal_rcc_ex.o(.rrx_text), (6 bytes).
    Removing stm32f7xx_hal_rcc_ex.o(i.HAL_RCCEx_GetPeriphCLKConfig), (436 bytes).
    Removing stm32f7xx_hal_rcc_ex.o(i.HAL_RCCEx_GetPeriphCLKFreq), (288 bytes).
    Removing stm32f7xx_hal_uart.o(.rev16_text), (4 bytes).
    Removing stm32f7xx_hal_uart.o(.revsh_text), (4 bytes).
    Removing stm32f7xx_hal_uart.o(.rrx_text), (6 bytes).
    Removing stm32f7xx_hal_uart.o(i.HAL_HalfDuplex_EnableReceiver), (60 bytes).
    Removing stm32f7xx_hal_uart.o(i.HAL_HalfDuplex_EnableTransmitter), (60 bytes).
    Removing stm32f7xx_hal_uart.o(i.HAL_HalfDuplex_Init), (116 bytes).
    Removing stm32f7xx_hal_uart.o(i.HAL_LIN_Init), (130 bytes).
    Removing stm32f7xx_hal_uart.o(i.HAL_LIN_SendBreak), (48 bytes).
    Removing stm32f7xx_hal_uart.o(i.HAL_MultiProcessor_DisableMuteMode), (42 bytes).
    Removing stm32f7xx_hal_uart.o(i.HAL_MultiProcessor_EnableMuteMode), (42 bytes).
    Removing stm32f7xx_hal_uart.o(i.HAL_MultiProcessor_EnterMuteMode), (12 bytes).
    Removing stm32f7xx_hal_uart.o(i.HAL_MultiProcessor_Init), (138 bytes).
    Removing stm32f7xx_hal_uart.o(i.HAL_UART_DMAPause), (86 bytes).
    Removing stm32f7xx_hal_uart.o(i.HAL_UART_DMAResume), (108 bytes).
    Removing stm32f7xx_hal_uart.o(i.HAL_UART_DMAStop), (50 bytes).
    Removing stm32f7xx_hal_uart.o(i.HAL_UART_DeInit), (60 bytes).
    Removing stm32f7xx_hal_uart.o(i.HAL_UART_ErrorCallback), (2 bytes).
    Removing stm32f7xx_hal_uart.o(i.HAL_UART_GetError), (4 bytes).
    Removing stm32f7xx_hal_uart.o(i.HAL_UART_GetState), (6 bytes).
    Removing stm32f7xx_hal_uart.o(i.HAL_UART_IRQHandler), (234 bytes).
    Removing stm32f7xx_hal_uart.o(i.HAL_UART_MspDeInit), (2 bytes).
    Removing stm32f7xx_hal_uart.o(i.HAL_UART_MspInit), (2 bytes).
    Removing stm32f7xx_hal_uart.o(i.HAL_UART_Receive_DMA), (144 bytes).
    Removing stm32f7xx_hal_uart.o(i.HAL_UART_Receive_IT), (174 bytes).
    Removing stm32f7xx_hal_uart.o(i.HAL_UART_RxCpltCallback), (2 bytes).
    Removing stm32f7xx_hal_uart.o(i.HAL_UART_RxHalfCpltCallback), (2 bytes).
    Removing stm32f7xx_hal_uart.o(i.HAL_UART_Transmit_DMA), (152 bytes).
    Removing stm32f7xx_hal_uart.o(i.HAL_UART_Transmit_IT), (104 bytes).
    Removing stm32f7xx_hal_uart.o(i.HAL_UART_TxCpltCallback), (2 bytes).
    Removing stm32f7xx_hal_uart.o(i.HAL_UART_TxHalfCpltCallback), (2 bytes).
    Removing stm32f7xx_hal_uart.o(i.UART_DMAError), (34 bytes).
    Removing stm32f7xx_hal_uart.o(i.UART_DMAReceiveCplt), (54 bytes).
    Removing stm32f7xx_hal_uart.o(i.UART_DMARxHalfCplt), (10 bytes).
    Removing stm32f7xx_hal_uart.o(i.UART_DMATransmitCplt), (46 bytes).
    Removing stm32f7xx_hal_uart.o(i.UART_DMATxHalfCplt), (10 bytes).
    Removing stm32f7xx_hal_uart.o(i.UART_Receive_IT), (148 bytes).
    Removing stm32f7xx_hal_uart.o(i.UART_Transmit_IT), (146 bytes).
    Removing stm32f7xx_hal_msp.o(.rev16_text), (4 bytes).
    Removing stm32f7xx_hal_msp.o(.revsh_text), (4 bytes).
    Removing stm32f7xx_hal_msp.o(.rrx_text), (6 bytes).
    Removing stm32f7xx_hal_msp.o(i.HAL_UART_MspDeInit), (56 bytes).
    Removing stm32f7xx_hal_tim.o(.rev16_text), (4 bytes).
    Removing stm32f7xx_hal_tim.o(.revsh_text), (4 bytes).
    Removing stm32f7xx_hal_tim.o(.rrx_text), (6 bytes).
    Removing stm32f7xx_hal_tim.o(i.HAL_TIM_Base_DeInit), (56 bytes).
    Removing stm32f7xx_hal_tim.o(i.HAL_TIM_Base_GetState), (6 bytes).
    Removing stm32f7xx_hal_tim.o(i.HAL_TIM_Base_MspDeInit), (2 bytes).
    Removing stm32f7xx_hal_tim.o(i.HAL_TIM_Base_MspInit), (2 bytes).
    Removing stm32f7xx_hal_tim.o(i.HAL_TIM_Base_Start), (26 bytes).
    Removing stm32f7xx_hal_tim.o(i.HAL_TIM_Base_Start_DMA), (92 bytes).
    Removing stm32f7xx_hal_tim.o(i.HAL_TIM_Base_Stop), (44 bytes).
    Removing stm32f7xx_hal_tim.o(i.HAL_TIM_Base_Stop_DMA), (48 bytes).
    Removing stm32f7xx_hal_tim.o(i.HAL_TIM_Base_Stop_IT), (42 bytes).
    Removing stm32f7xx_hal_tim.o(i.HAL_TIM_ConfigClockSource), (252 bytes).
    Removing stm32f7xx_hal_tim.o(i.HAL_TIM_ConfigOCrefClear), (170 bytes).
    Removing stm32f7xx_hal_tim.o(i.HAL_TIM_ConfigTI1Input), (16 bytes).
    Removing stm32f7xx_hal_tim.o(i.HAL_TIM_DMABurst_ReadStart), (260 bytes).
    Removing stm32f7xx_hal_tim.o(i.HAL_TIM_DMABurst_ReadStop), (96 bytes).
    Removing stm32f7xx_hal_tim.o(i.HAL_TIM_DMABurst_WriteStart), (260 bytes).
    Removing stm32f7xx_hal_tim.o(i.HAL_TIM_DMABurst_WriteStop), (96 bytes).
    Removing stm32f7xx_hal_tim.o(i.HAL_TIM_Encoder_DeInit), (56 bytes).
    Removing stm32f7xx_hal_tim.o(i.HAL_TIM_Encoder_GetState), (6 bytes).
    Removing stm32f7xx_hal_tim.o(i.HAL_TIM_Encoder_Init), (168 bytes).
    Removing stm32f7xx_hal_tim.o(i.HAL_TIM_Encoder_MspDeInit), (2 bytes).
    Removing stm32f7xx_hal_tim.o(i.HAL_TIM_Encoder_MspInit), (2 bytes).
    Removing stm32f7xx_hal_tim.o(i.HAL_TIM_Encoder_Start), (52 bytes).
    Removing stm32f7xx_hal_tim.o(i.HAL_TIM_Encoder_Start_DMA), (272 bytes).
    Removing stm32f7xx_hal_tim.o(i.HAL_TIM_Encoder_Start_IT), (92 bytes).
    Removing stm32f7xx_hal_tim.o(i.HAL_TIM_Encoder_Stop), (70 bytes).
    Removing stm32f7xx_hal_tim.o(i.HAL_TIM_Encoder_Stop_DMA), (116 bytes).
    Removing stm32f7xx_hal_tim.o(i.HAL_TIM_Encoder_Stop_IT), (116 bytes).
    Removing stm32f7xx_hal_tim.o(i.HAL_TIM_ErrorCallback), (2 bytes).
    Removing stm32f7xx_hal_tim.o(i.HAL_TIM_GenerateEvent), (40 bytes).
    Removing stm32f7xx_hal_tim.o(i.HAL_TIM_IC_ConfigChannel), (288 bytes).
    Removing stm32f7xx_hal_tim.o(i.HAL_TIM_IC_DeInit), (56 bytes).
    Removing stm32f7xx_hal_tim.o(i.HAL_TIM_IC_GetState), (6 bytes).
    Removing stm32f7xx_hal_tim.o(i.HAL_TIM_IC_Init), (54 bytes).
    Removing stm32f7xx_hal_tim.o(i.HAL_TIM_IC_MspDeInit), (2 bytes).
    Removing stm32f7xx_hal_tim.o(i.HAL_TIM_IC_MspInit), (2 bytes).
    Removing stm32f7xx_hal_tim.o(i.HAL_TIM_IC_Start), (26 bytes).
    Removing stm32f7xx_hal_tim.o(i.HAL_TIM_IC_Start_DMA), (200 bytes).
    Removing stm32f7xx_hal_tim.o(i.HAL_TIM_IC_Start_IT), (76 bytes).
    Removing stm32f7xx_hal_tim.o(i.HAL_TIM_IC_Stop), (44 bytes).
    Removing stm32f7xx_hal_tim.o(i.HAL_TIM_IC_Stop_DMA), (100 bytes).
    Removing stm32f7xx_hal_tim.o(i.HAL_TIM_IC_Stop_IT), (94 bytes).
    Removing stm32f7xx_hal_tim.o(i.HAL_TIM_OC_ConfigChannel), (86 bytes).
    Removing stm32f7xx_hal_tim.o(i.HAL_TIM_OC_DeInit), (56 bytes).
    Removing stm32f7xx_hal_tim.o(i.HAL_TIM_OC_GetState), (6 bytes).
    Removing stm32f7xx_hal_tim.o(i.HAL_TIM_OC_Init), (54 bytes).
    Removing stm32f7xx_hal_tim.o(i.HAL_TIM_OC_MspDeInit), (2 bytes).
    Removing stm32f7xx_hal_tim.o(i.HAL_TIM_OC_MspInit), (2 bytes).
    Removing stm32f7xx_hal_tim.o(i.HAL_TIM_OC_Start), (56 bytes).
    Removing stm32f7xx_hal_tim.o(i.HAL_TIM_OC_Start_DMA), (240 bytes).
    Removing stm32f7xx_hal_tim.o(i.HAL_TIM_OC_Start_IT), (108 bytes).
    Removing stm32f7xx_hal_tim.o(i.HAL_TIM_OC_Stop), (88 bytes).
    Removing stm32f7xx_hal_tim.o(i.HAL_TIM_OC_Stop_DMA), (144 bytes).
    Removing stm32f7xx_hal_tim.o(i.HAL_TIM_OC_Stop_IT), (136 bytes).
    Removing stm32f7xx_hal_tim.o(i.HAL_TIM_OnePulse_ConfigChannel), (224 bytes).
    Removing stm32f7xx_hal_tim.o(i.HAL_TIM_OnePulse_DeInit), (56 bytes).
    Removing stm32f7xx_hal_tim.o(i.HAL_TIM_OnePulse_GetState), (6 bytes).
    Removing stm32f7xx_hal_tim.o(i.HAL_TIM_OnePulse_Init), (74 bytes).
    Removing stm32f7xx_hal_tim.o(i.HAL_TIM_OnePulse_MspDeInit), (2 bytes).
    Removing stm32f7xx_hal_tim.o(i.HAL_TIM_OnePulse_MspInit), (2 bytes).
    Removing stm32f7xx_hal_tim.o(i.HAL_TIM_OnePulse_Start), (60 bytes).
    Removing stm32f7xx_hal_tim.o(i.HAL_TIM_OnePulse_Start_IT), (80 bytes).
    Removing stm32f7xx_hal_tim.o(i.HAL_TIM_OnePulse_Stop), (100 bytes).
    Removing stm32f7xx_hal_tim.o(i.HAL_TIM_OnePulse_Stop_IT), (120 bytes).
    Removing stm32f7xx_hal_tim.o(i.HAL_TIM_PWM_ConfigChannel), (208 bytes).
    Removing stm32f7xx_hal_tim.o(i.HAL_TIM_PWM_DeInit), (56 bytes).
    Removing stm32f7xx_hal_tim.o(i.HAL_TIM_PWM_GetState), (6 bytes).
    Removing stm32f7xx_hal_tim.o(i.HAL_TIM_PWM_Init), (54 bytes).
    Removing stm32f7xx_hal_tim.o(i.HAL_TIM_PWM_MspDeInit), (2 bytes).
    Removing stm32f7xx_hal_tim.o(i.HAL_TIM_PWM_MspInit), (2 bytes).
    Removing stm32f7xx_hal_tim.o(i.HAL_TIM_PWM_Start), (56 bytes).
    Removing stm32f7xx_hal_tim.o(i.HAL_TIM_PWM_Start_DMA), (240 bytes).
    Removing stm32f7xx_hal_tim.o(i.HAL_TIM_PWM_Start_IT), (108 bytes).
    Removing stm32f7xx_hal_tim.o(i.HAL_TIM_PWM_Stop), (92 bytes).
    Removing stm32f7xx_hal_tim.o(i.HAL_TIM_PWM_Stop_DMA), (144 bytes).
    Removing stm32f7xx_hal_tim.o(i.HAL_TIM_PWM_Stop_IT), (136 bytes).
    Removing stm32f7xx_hal_tim.o(i.HAL_TIM_PeriodElapsedCallback), (2 bytes).
    Removing stm32f7xx_hal_tim.o(i.HAL_TIM_ReadCapturedValue), (68 bytes).
    Removing stm32f7xx_hal_tim.o(i.HAL_TIM_SlaveConfigSynchronization), (168 bytes).
    Removing stm32f7xx_hal_tim.o(i.HAL_TIM_SlaveConfigSynchronization_IT), (68 bytes).
    Removing stm32f7xx_hal_tim.o(i.TIM_CCxChannelCmd), (22 bytes).
    Removing stm32f7xx_hal_tim.o(i.TIM_DMACaptureCplt), (62 bytes).
    Removing stm32f7xx_hal_tim.o(i.TIM_DMADelayPulseCplt), (62 bytes).
    Removing stm32f7xx_hal_tim.o(i.TIM_DMAError), (16 bytes).
    Removing stm32f7xx_hal_tim.o(i.TIM_DMAPeriodElapsedCplt), (16 bytes).
    Removing stm32f7xx_hal_tim.o(i.TIM_DMATriggerCplt), (16 bytes).
    Removing stm32f7xx_hal_tim.o(i.TIM_ETR_SetConfig), (18 bytes).
    Removing stm32f7xx_hal_tim.o(i.TIM_ITRx_SetConfig), (16 bytes).
    Removing stm32f7xx_hal_tim.o(i.TIM_OC1_SetConfig), (104 bytes).
    Removing stm32f7xx_hal_tim.o(i.TIM_OC2_SetConfig), (108 bytes).
    Removing stm32f7xx_hal_tim.o(i.TIM_OC3_SetConfig), (108 bytes).
    Removing stm32f7xx_hal_tim.o(i.TIM_OC4_SetConfig), (88 bytes).
    Removing stm32f7xx_hal_tim.o(i.TIM_SlaveTimer_SetConfig), (128 bytes).
    Removing stm32f7xx_hal_tim.o(i.TIM_TI1_ConfigInputStage), (34 bytes).
    Removing stm32f7xx_hal_tim.o(i.TIM_TI1_SetConfig), (128 bytes).
    Removing stm32f7xx_hal_tim.o(i.TIM_TI2_ConfigInputStage), (36 bytes).
    Removing stm32f7xx_hal_tim.o(i.TIM_TI2_SetConfig), (54 bytes).
    Removing stm32f7xx_hal_tim_ex.o(.rev16_text), (4 bytes).
    Removing stm32f7xx_hal_tim_ex.o(.revsh_text), (4 bytes).
    Removing stm32f7xx_hal_tim_ex.o(.rrx_text), (6 bytes).
    Removing stm32f7xx_hal_tim_ex.o(i.HAL_TIMEx_ConfigBreakDeadTime), (98 bytes).
    Removing stm32f7xx_hal_tim_ex.o(i.HAL_TIMEx_ConfigCommutationEvent), (92 bytes).
    Removing stm32f7xx_hal_tim_ex.o(i.HAL_TIMEx_ConfigCommutationEvent_DMA), (124 bytes).
    Removing stm32f7xx_hal_tim_ex.o(i.HAL_TIMEx_ConfigCommutationEvent_IT), (102 bytes).
    Removing stm32f7xx_hal_tim_ex.o(i.HAL_TIMEx_GroupChannel5), (58 bytes).
    Removing stm32f7xx_hal_tim_ex.o(i.HAL_TIMEx_HallSensor_DeInit), (56 bytes).
    Removing stm32f7xx_hal_tim_ex.o(i.HAL_TIMEx_HallSensor_GetState), (6 bytes).
    Removing stm32f7xx_hal_tim_ex.o(i.HAL_TIMEx_HallSensor_Init), (180 bytes).
    Removing stm32f7xx_hal_tim_ex.o(i.HAL_TIMEx_HallSensor_MspDeInit), (2 bytes).
    Removing stm32f7xx_hal_tim_ex.o(i.HAL_TIMEx_HallSensor_MspInit), (2 bytes).
    Removing stm32f7xx_hal_tim_ex.o(i.HAL_TIMEx_HallSensor_Start), (28 bytes).
    Removing stm32f7xx_hal_tim_ex.o(i.HAL_TIMEx_HallSensor_Start_DMA), (104 bytes).
    Removing stm32f7xx_hal_tim_ex.o(i.HAL_TIMEx_HallSensor_Start_IT), (38 bytes).
    Removing stm32f7xx_hal_tim_ex.o(i.HAL_TIMEx_HallSensor_Stop), (46 bytes).
    Removing stm32f7xx_hal_tim_ex.o(i.HAL_TIMEx_HallSensor_Stop_DMA), (56 bytes).
    Removing stm32f7xx_hal_tim_ex.o(i.HAL_TIMEx_HallSensor_Stop_IT), (56 bytes).
    Removing stm32f7xx_hal_tim_ex.o(i.HAL_TIMEx_MasterConfigSynchronization), (88 bytes).
    Removing stm32f7xx_hal_tim_ex.o(i.HAL_TIMEx_OCN_Start), (36 bytes).
    Removing stm32f7xx_hal_tim_ex.o(i.HAL_TIMEx_OCN_Start_DMA), (220 bytes).
    Removing stm32f7xx_hal_tim_ex.o(i.HAL_TIMEx_OCN_Start_IT), (96 bytes).
    Removing stm32f7xx_hal_tim_ex.o(i.HAL_TIMEx_OCN_Stop), (66 bytes).
    Removing stm32f7xx_hal_tim_ex.o(i.HAL_TIMEx_OCN_Stop_DMA), (122 bytes).
    Removing stm32f7xx_hal_tim_ex.o(i.HAL_TIMEx_OCN_Stop_IT), (134 bytes).
    Removing stm32f7xx_hal_tim_ex.o(i.HAL_TIMEx_OnePulseN_Start), (26 bytes).
    Removing stm32f7xx_hal_tim_ex.o(i.HAL_TIMEx_OnePulseN_Start_IT), (46 bytes).
    Removing stm32f7xx_hal_tim_ex.o(i.HAL_TIMEx_OnePulseN_Stop), (66 bytes).
    Removing stm32f7xx_hal_tim_ex.o(i.HAL_TIMEx_OnePulseN_Stop_IT), (86 bytes).
    Removing stm32f7xx_hal_tim_ex.o(i.HAL_TIMEx_PWMN_Start), (36 bytes).
    Removing stm32f7xx_hal_tim_ex.o(i.HAL_TIMEx_PWMN_Start_DMA), (220 bytes).
    Removing stm32f7xx_hal_tim_ex.o(i.HAL_TIMEx_PWMN_Start_IT), (96 bytes).
    Removing stm32f7xx_hal_tim_ex.o(i.HAL_TIMEx_PWMN_Stop), (66 bytes).
    Removing stm32f7xx_hal_tim_ex.o(i.HAL_TIMEx_PWMN_Stop_DMA), (122 bytes).
    Removing stm32f7xx_hal_tim_ex.o(i.HAL_TIMEx_PWMN_Stop_IT), (134 bytes).
    Removing stm32f7xx_hal_tim_ex.o(i.HAL_TIMEx_RemapConfig), (34 bytes).
    Removing stm32f7xx_hal_tim_ex.o(i.HAL_TIM_ConfigOCrefClear), (252 bytes).
    Removing stm32f7xx_hal_tim_ex.o(i.HAL_TIM_OC_ConfigChannel), (114 bytes).
    Removing stm32f7xx_hal_tim_ex.o(i.HAL_TIM_PWM_ConfigChannel), (296 bytes).
    Removing stm32f7xx_hal_tim_ex.o(i.TIMEx_DMACommutationCplt), (16 bytes).
    Removing stm32f7xx_hal_tim_ex.o(i.TIM_CCxNChannelCmd), (22 bytes).
    Removing stm32f7xx_hal_tim_ex.o(i.TIM_OC5_SetConfig), (88 bytes).
    Removing stm32f7xx_hal_tim_ex.o(i.TIM_OC6_SetConfig), (88 bytes).
    Removing system_init.o(.rev16_text), (4 bytes).
    Removing system_init.o(.revsh_text), (4 bytes).
    Removing system_init.o(.rrx_text), (6 bytes).
    Removing system_init.o(i.UART_Transmit), (20 bytes).
    Removing system_init.o(.bss), (10 bytes).
    Removing system_stm32f7xx.o(.rev16_text), (4 bytes).
    Removing system_stm32f7xx.o(.revsh_text), (4 bytes).
    Removing system_stm32f7xx.o(.rrx_text), (6 bytes).
    Removing system_stm32f7xx.o(i.SystemCoreClockUpdate), (128 bytes).
    Removing mfxstm32l152.o(i.mfxstm32l152_ClearGlobalIT), (8 bytes).
    Removing mfxstm32l152.o(i.mfxstm32l152_DeInit), (36 bytes).
    Removing mfxstm32l152.o(i.mfxstm32l152_DisableITSource), (28 bytes).
    Removing mfxstm32l152.o(i.mfxstm32l152_EnableITSource), (28 bytes).
    Removing mfxstm32l152.o(i.mfxstm32l152_Error_ClearIT), (6 bytes).
    Removing mfxstm32l152.o(i.mfxstm32l152_Error_DisableIT), (6 bytes).
    Removing mfxstm32l152.o(i.mfxstm32l152_Error_EnableIT), (20 bytes).
    Removing mfxstm32l152.o(i.mfxstm32l152_Error_GetITStatus), (14 bytes).
    Removing mfxstm32l152.o(i.mfxstm32l152_Error_ReadMsg), (8 bytes).
    Removing mfxstm32l152.o(i.mfxstm32l152_Error_ReadSrc), (8 bytes).
    Removing mfxstm32l152.o(i.mfxstm32l152_GetInstance), (28 bytes).
    Removing mfxstm32l152.o(i.mfxstm32l152_GlobalITStatus), (14 bytes).
    Removing mfxstm32l152.o(i.mfxstm32l152_IDD_ClearIT), (6 bytes).
    Removing mfxstm32l152.o(i.mfxstm32l152_IDD_Config), (374 bytes).
    Removing mfxstm32l152.o(i.mfxstm32l152_IDD_ConfigShuntNbLimit), (38 bytes).
    Removing mfxstm32l152.o(i.mfxstm32l152_IDD_DisableIT), (6 bytes).
    Removing mfxstm32l152.o(i.mfxstm32l152_IDD_EnableIT), (20 bytes).
    Removing mfxstm32l152.o(i.mfxstm32l152_IDD_GetITStatus), (14 bytes).
    Removing mfxstm32l152.o(i.mfxstm32l152_IDD_GetShuntUsed), (8 bytes).
    Removing mfxstm32l152.o(i.mfxstm32l152_IDD_GetValue), (40 bytes).
    Removing mfxstm32l152.o(i.mfxstm32l152_IDD_Start), (28 bytes).
    Removing mfxstm32l152.o(i.mfxstm32l152_IO_ClearIT), (56 bytes).
    Removing mfxstm32l152.o(i.mfxstm32l152_IO_Config), (632 bytes).
    Removing mfxstm32l152.o(i.mfxstm32l152_IO_DisableAF), (26 bytes).
    Removing mfxstm32l152.o(i.mfxstm32l152_IO_DisableIT), (6 bytes).
    Removing mfxstm32l152.o(i.mfxstm32l152_IO_DisablePinIT), (10 bytes).
    Removing mfxstm32l152.o(i.mfxstm32l152_IO_EnableAF), (26 bytes).
    Removing mfxstm32l152.o(i.mfxstm32l152_IO_EnableIT), (20 bytes).
    Removing mfxstm32l152.o(i.mfxstm32l152_IO_EnablePinIT), (10 bytes).
    Removing mfxstm32l152.o(i.mfxstm32l152_IO_ITStatus), (50 bytes).
    Removing mfxstm32l152.o(i.mfxstm32l152_IO_InitPin), (10 bytes).
    Removing mfxstm32l152.o(i.mfxstm32l152_IO_ReadPin), (50 bytes).
    Removing mfxstm32l152.o(i.mfxstm32l152_IO_SetIrqEvtMode), (22 bytes).
    Removing mfxstm32l152.o(i.mfxstm32l152_IO_SetIrqTypeMode), (22 bytes).
    Removing mfxstm32l152.o(i.mfxstm32l152_IO_Start), (50 bytes).
    Removing mfxstm32l152.o(i.mfxstm32l152_IO_WritePin), (20 bytes).
    Removing mfxstm32l152.o(i.mfxstm32l152_Init), (56 bytes).
    Removing mfxstm32l152.o(i.mfxstm32l152_LowPower), (18 bytes).
    Removing mfxstm32l152.o(i.mfxstm32l152_ReadFwVersion), (22 bytes).
    Removing mfxstm32l152.o(i.mfxstm32l152_ReadID), (26 bytes).
    Removing mfxstm32l152.o(i.mfxstm32l152_ReadReg), (6 bytes).
    Removing mfxstm32l152.o(i.mfxstm32l152_Reset), (20 bytes).
    Removing mfxstm32l152.o(i.mfxstm32l152_SetIrqOutPinPolarity), (36 bytes).
    Removing mfxstm32l152.o(i.mfxstm32l152_SetIrqOutPinType), (36 bytes).
    Removing mfxstm32l152.o(i.mfxstm32l152_TS_ClearIT), (6 bytes).
    Removing mfxstm32l152.o(i.mfxstm32l152_TS_DetectTouch), (34 bytes).
    Removing mfxstm32l152.o(i.mfxstm32l152_TS_DisableIT), (6 bytes).
    Removing mfxstm32l152.o(i.mfxstm32l152_TS_EnableIT), (20 bytes).
    Removing mfxstm32l152.o(i.mfxstm32l152_TS_GetXY), (64 bytes).
    Removing mfxstm32l152.o(i.mfxstm32l152_TS_ITStatus), (14 bytes).
    Removing mfxstm32l152.o(i.mfxstm32l152_TS_Start), (108 bytes).
    Removing mfxstm32l152.o(i.mfxstm32l152_WakeUp), (22 bytes).
    Removing mfxstm32l152.o(i.mfxstm32l152_WriteReg), (6 bytes).
    Removing mfxstm32l152.o(i.mfxstm32l152_reg24_setPinValue), (120 bytes).
    Removing mfxstm32l152.o(.data), (40 bytes).
    Removing mfxstm32l152.o(.data), (44 bytes).
    Removing mfxstm32l152.o(.data), (76 bytes).
    Removing mfxstm32l152.o(.data), (3 bytes).
    Removing main.o(.rev16_text), (4 bytes).
    Removing main.o(.revsh_text), (4 bytes).
    Removing main.o(.rrx_text), (6 bytes).
    Removing config.o(.rev16_text), (4 bytes).
    Removing config.o(.revsh_text), (4 bytes).
    Removing config.o(.rrx_text), (6 bytes).
    Removing stm32f7xx_it.o(.rev16_text), (4 bytes).
    Removing stm32f7xx_it.o(.revsh_text), (4 bytes).
    Removing stm32f7xx_it.o(.rrx_text), (6 bytes).

480 unused section(s) (total 31369 bytes) removed from the image.

==============================================================================

Image Symbol Table

    Local Symbols

    Symbol Name                              Value     Ov Type        Size  Object(Section)

    ../clib/microlib/division.c              0x00000000   Number         0  uldiv.o ABSOLUTE
    ../clib/microlib/division.c              0x00000000   Number         0  uidiv.o ABSOLUTE
    ../clib/microlib/init/entry.s            0x00000000   Number         0  entry8b.o ABSOLUTE
    ../clib/microlib/init/entry.s            0x00000000   Number         0  entry9a.o ABSOLUTE
    ../clib/microlib/init/entry.s            0x00000000   Number         0  entry11b.o ABSOLUTE
    ../clib/microlib/init/entry.s            0x00000000   Number         0  entry10a.o ABSOLUTE
    ../clib/microlib/init/entry.s            0x00000000   Number         0  entry11a.o ABSOLUTE
    ../clib/microlib/init/entry.s            0x00000000   Number         0  entry5.o ABSOLUTE
    ../clib/microlib/init/entry.s            0x00000000   Number         0  entry10b.o ABSOLUTE
    ../clib/microlib/init/entry.s            0x00000000   Number         0  entry9b.o ABSOLUTE
    ../clib/microlib/init/entry.s            0x00000000   Number         0  entry.o ABSOLUTE
    ../clib/microlib/init/entry.s            0x00000000   Number         0  entry7a.o ABSOLUTE
    ../clib/microlib/init/entry.s            0x00000000   Number         0  entry7b.o ABSOLUTE
    ../clib/microlib/init/entry.s            0x00000000   Number         0  entry2.o ABSOLUTE
    ../clib/microlib/init/entry.s            0x00000000   Number         0  entry8a.o ABSOLUTE
    ../clib/microlib/longlong.c              0x00000000   Number         0  llsshr.o ABSOLUTE
    ../clib/microlib/longlong.c              0x00000000   Number         0  llushr.o ABSOLUTE
    ../clib/microlib/longlong.c              0x00000000   Number         0  llshl.o ABSOLUTE
    ../clib/microlib/printf/printf.c         0x00000000   Number         0  printf2.o ABSOLUTE
    ../clib/microlib/printf/printf.c         0x00000000   Number         0  printf6.o ABSOLUTE
    ../clib/microlib/printf/printf.c         0x00000000   Number         0  printfb.o ABSOLUTE
    ../clib/microlib/printf/printf.c         0x00000000   Number         0  printf7.o ABSOLUTE
    ../clib/microlib/printf/printf.c         0x00000000   Number         0  printf0.o ABSOLUTE
    ../clib/microlib/printf/printf.c         0x00000000   Number         0  printf8.o ABSOLUTE
    ../clib/microlib/printf/printf.c         0x00000000   Number         0  printf1.o ABSOLUTE
    ../clib/microlib/printf/printf.c         0x00000000   Number         0  printfa.o ABSOLUTE
    ../clib/microlib/printf/printf.c         0x00000000   Number         0  printf3.o ABSOLUTE
    ../clib/microlib/printf/printf.c         0x00000000   Number         0  printf4.o ABSOLUTE
    ../clib/microlib/printf/printf.c         0x00000000   Number         0  printf5.o ABSOLUTE
    ../clib/microlib/printf/stubs.s          0x00000000   Number         0  stubs.o ABSOLUTE
    ../clib/microlib/stdio/streams.c         0x00000000   Number         0  stdout.o ABSOLUTE
    ../clib/microlib/stubs.s                 0x00000000   Number         0  iusefp.o ABSOLUTE
    ../fplib/microlib/fpadd.c                0x00000000   Number         0  dadd.o ABSOLUTE
    ../fplib/microlib/fpdiv.c                0x00000000   Number         0  ddiv.o ABSOLUTE
    ../fplib/microlib/fpepilogue.c           0x00000000   Number         0  depilogue.o ABSOLUTE
    ../fplib/microlib/fpfix.c                0x00000000   Number         0  dfixul.o ABSOLUTE
    ../fplib/microlib/fpfix.c                0x00000000   Number         0  dfixui.o ABSOLUTE
    ../fplib/microlib/fpflt.c                0x00000000   Number         0  dfltui.o ABSOLUTE
    ../fplib/microlib/fpmul.c                0x00000000   Number         0  dmul.o ABSOLUTE
    ..\..\Common\BSP\stm32756g_eval.c        0x00000000   Number         0  stm32756g_eval.o ABSOLUTE
    ..\..\Common\BSP\stm32756g_eval_io.c     0x00000000   Number         0  stm32756g_eval_io.o ABSOLUTE
    ..\..\Common\CMSIS\system_stm32f7xx.c    0x00000000   Number         0  system_stm32f7xx.o ABSOLUTE
    ..\..\Common\Components\mfxstm32l152\mfxstm32l152.c 0x00000000   Number         0  mfxstm32l152.o ABSOLUTE
    ..\..\Common\Driver\stm32f7xx_hal.c      0x00000000   Number         0  stm32f7xx_hal.o ABSOLUTE
    ..\..\Common\Driver\stm32f7xx_hal_cortex.c 0x00000000   Number         0  stm32f7xx_hal_cortex.o ABSOLUTE
    ..\..\Common\Driver\stm32f7xx_hal_dma.c  0x00000000   Number         0  stm32f7xx_hal_dma.o ABSOLUTE
    ..\..\Common\Driver\stm32f7xx_hal_gpio.c 0x00000000   Number         0  stm32f7xx_hal_gpio.o ABSOLUTE
    ..\..\Common\Driver\stm32f7xx_hal_i2c.c  0x00000000   Number         0  stm32f7xx_hal_i2c.o ABSOLUTE
    ..\..\Common\Driver\stm32f7xx_hal_i2c_ex.c 0x00000000   Number         0  stm32f7xx_hal_i2c_ex.o ABSOLUTE
    ..\..\Common\Driver\stm32f7xx_hal_msp.c  0x00000000   Number         0  stm32f7xx_hal_msp.o ABSOLUTE
    ..\..\Common\Driver\stm32f7xx_hal_pwr_ex.c 0x00000000   Number         0  stm32f7xx_hal_pwr_ex.o ABSOLUTE
    ..\..\Common\Driver\stm32f7xx_hal_rcc.c  0x00000000   Number         0  stm32f7xx_hal_rcc.o ABSOLUTE
    ..\..\Common\Driver\stm32f7xx_hal_rcc_ex.c 0x00000000   Number         0  stm32f7xx_hal_rcc_ex.o ABSOLUTE
    ..\..\Common\Driver\stm32f7xx_hal_tim.c  0x00000000   Number         0  stm32f7xx_hal_tim.o ABSOLUTE
    ..\..\Common\Driver\stm32f7xx_hal_tim_ex.c 0x00000000   Number         0  stm32f7xx_hal_tim_ex.o ABSOLUTE
    ..\..\Common\Driver\stm32f7xx_hal_uart.c 0x00000000   Number         0  stm32f7xx_hal_uart.o ABSOLUTE
    ..\..\Common\Initialize\system_init.c    0x00000000   Number         0  system_init.o ABSOLUTE
    ..\..\Common\Startup\startup_stm32f756xx.s 0x00000000   Number         0  startup_stm32f756xx.o ABSOLUTE
    ..\Src\config.c                          0x00000000   Number         0  config.o ABSOLUTE
    ..\Src\main.c                            0x00000000   Number         0  main.o ABSOLUTE
    ..\Src\stm32f7xx_it.c                    0x00000000   Number         0  stm32f7xx_it.o ABSOLUTE
    ..\\..\\Common\\BSP\\stm32756g_eval.c    0x00000000   Number         0  stm32756g_eval.o ABSOLUTE
    ..\\..\\Common\\BSP\\stm32756g_eval_io.c 0x00000000   Number         0  stm32756g_eval_io.o ABSOLUTE
    ..\\..\\Common\\CMSIS\\system_stm32f7xx.c 0x00000000   Number         0  system_stm32f7xx.o ABSOLUTE
    ..\\..\\Common\\Driver\\stm32f7xx_hal.c  0x00000000   Number         0  stm32f7xx_hal.o ABSOLUTE
    ..\\..\\Common\\Driver\\stm32f7xx_hal_cortex.c 0x00000000   Number         0  stm32f7xx_hal_cortex.o ABSOLUTE
    ..\\..\\Common\\Driver\\stm32f7xx_hal_dma.c 0x00000000   Number         0  stm32f7xx_hal_dma.o ABSOLUTE
    ..\\..\\Common\\Driver\\stm32f7xx_hal_gpio.c 0x00000000   Number         0  stm32f7xx_hal_gpio.o ABSOLUTE
    ..\\..\\Common\\Driver\\stm32f7xx_hal_i2c.c 0x00000000   Number         0  stm32f7xx_hal_i2c.o ABSOLUTE
    ..\\..\\Common\\Driver\\stm32f7xx_hal_i2c_ex.c 0x00000000   Number         0  stm32f7xx_hal_i2c_ex.o ABSOLUTE
    ..\\..\\Common\\Driver\\stm32f7xx_hal_msp.c 0x00000000   Number         0  stm32f7xx_hal_msp.o ABSOLUTE
    ..\\..\\Common\\Driver\\stm32f7xx_hal_pwr_ex.c 0x00000000   Number         0  stm32f7xx_hal_pwr_ex.o ABSOLUTE
    ..\\..\\Common\\Driver\\stm32f7xx_hal_rcc.c 0x00000000   Number         0  stm32f7xx_hal_rcc.o ABSOLUTE
    ..\\..\\Common\\Driver\\stm32f7xx_hal_rcc_ex.c 0x00000000   Number         0  stm32f7xx_hal_rcc_ex.o ABSOLUTE
    ..\\..\\Common\\Driver\\stm32f7xx_hal_tim.c 0x00000000   Number         0  stm32f7xx_hal_tim.o ABSOLUTE
    ..\\..\\Common\\Driver\\stm32f7xx_hal_tim_ex.c 0x00000000   Number         0  stm32f7xx_hal_tim_ex.o ABSOLUTE
    ..\\..\\Common\\Driver\\stm32f7xx_hal_uart.c 0x00000000   Number         0  stm32f7xx_hal_uart.o ABSOLUTE
    ..\\..\\Common\\Initialize\\system_init.c 0x00000000   Number         0  system_init.o ABSOLUTE
    ..\\Src\\config.c                        0x00000000   Number         0  config.o ABSOLUTE
    ..\\Src\\main.c                          0x00000000   Number         0  main.o ABSOLUTE
    ..\\Src\\stm32f7xx_it.c                  0x00000000   Number         0  stm32f7xx_it.o ABSOLUTE
    cdrcmple.s                               0x00000000   Number         0  cdrcmple.o ABSOLUTE
    dc.s                                     0x00000000   Number         0  dc.o ABSOLUTE
    handlers.s                               0x00000000   Number         0  handlers.o ABSOLUTE
    init.s                                   0x00000000   Number         0  init.o ABSOLUTE
    RESET                                    0x20010000   Section      456  startup_stm32f756xx.o(RESET)
    .ARM.Collect$$$$00000000                 0x200101c8   Section        0  entry.o(.ARM.Collect$$$$00000000)
    .ARM.Collect$$$$00000001                 0x200101c8   Section        4  entry2.o(.ARM.Collect$$$$00000001)
    .ARM.Collect$$$$00000004                 0x200101cc   Section        4  entry5.o(.ARM.Collect$$$$00000004)
    .ARM.Collect$$$$00000008                 0x200101d0   Section        0  entry7b.o(.ARM.Collect$$$$00000008)
    .ARM.Collect$$$$0000000A                 0x200101d0   Section        0  entry8b.o(.ARM.Collect$$$$0000000A)
    .ARM.Collect$$$$0000000B                 0x200101d0   Section        8  entry9a.o(.ARM.Collect$$$$0000000B)
    .ARM.Collect$$$$0000000D                 0x200101d8   Section        0  entry10a.o(.ARM.Collect$$$$0000000D)
    .ARM.Collect$$$$0000000F                 0x200101d8   Section        0  entry11a.o(.ARM.Collect$$$$0000000F)
    .ARM.Collect$$$$00002712                 0x200101d8   Section        4  entry2.o(.ARM.Collect$$$$00002712)
    __lit__00000000                          0x200101d8   Data           4  entry2.o(.ARM.Collect$$$$00002712)
    .text                                    0x200101dc   Section       36  startup_stm32f756xx.o(.text)
    $v0                                      0x200101dc   Number         0  startup_stm32f756xx.o(.text)
    .text                                    0x20010200   Section        0  dadd.o(.text)
    .text                                    0x2001034e   Section        0  dmul.o(.text)
    .text                                    0x20010432   Section        0  ddiv.o(.text)
    .text                                    0x20010510   Section        0  dfltui.o(.text)
    .text                                    0x2001052a   Section        0  dfixui.o(.text)
    .text                                    0x2001055c   Section        0  uidiv.o(.text)
    .text                                    0x20010588   Section        0  uldiv.o(.text)
    .text                                    0x200105ea   Section        0  llshl.o(.text)
    .text                                    0x20010608   Section        0  llushr.o(.text)
    .text                                    0x20010628   Section        0  llsshr.o(.text)
    .text                                    0x2001064c   Section        0  iusefp.o(.text)
    .text                                    0x2001064c   Section        0  depilogue.o(.text)
    .text                                    0x20010706   Section        0  dfixul.o(.text)
    .text                                    0x20010738   Section       48  cdrcmple.o(.text)
    .text                                    0x20010768   Section       36  init.o(.text)
    i.BSP_LED_Init                           0x2001078c   Section        0  stm32756g_eval.o(i.BSP_LED_Init)
    i.BSP_LED_Toggle                         0x200107f0   Section        0  stm32756g_eval.o(i.BSP_LED_Toggle)
    i.CPU_CACHE_Enable                       0x20010818   Section        0  system_init.o(i.CPU_CACHE_Enable)
    CPU_CACHE_Enable                         0x20010819   Thumb Code   108  system_init.o(i.CPU_CACHE_Enable)
    i.HAL_GPIO_Init                          0x2001088c   Section        0  stm32f7xx_hal_gpio.o(i.HAL_GPIO_Init)
    i.HAL_GPIO_TogglePin                     0x20010a64   Section        0  stm32f7xx_hal_gpio.o(i.HAL_GPIO_TogglePin)
    i.HAL_GPIO_WritePin                      0x20010a6c   Section        0  stm32f7xx_hal_gpio.o(i.HAL_GPIO_WritePin)
    i.HAL_GetTick                            0x20010a78   Section        0  stm32f7xx_hal.o(i.HAL_GetTick)
    i.HAL_IncTick                            0x20010a84   Section        0  stm32f7xx_hal.o(i.HAL_IncTick)
    i.HAL_Init                               0x20010a94   Section        0  stm32f7xx_hal.o(i.HAL_Init)
    i.HAL_InitTick                           0x20010ab8   Section        0  stm32f7xx_hal.o(i.HAL_InitTick)
    i.HAL_MspInit                            0x20010ada   Section        0  stm32f7xx_hal.o(i.HAL_MspInit)
    i.HAL_NVIC_EnableIRQ                     0x20010ae2   Section        0  stm32f7xx_hal_cortex.o(i.HAL_NVIC_EnableIRQ)
    i.HAL_NVIC_SetPriority                   0x20010af8   Section        0  stm32f7xx_hal_cortex.o(i.HAL_NVIC_SetPriority)
    i.HAL_NVIC_SetPriorityGrouping           0x20010b38   Section        0  stm32f7xx_hal_cortex.o(i.HAL_NVIC_SetPriorityGrouping)
    i.HAL_PWREx_EnableOverDrive              0x20010b5c   Section        0  stm32f7xx_hal_pwr_ex.o(i.HAL_PWREx_EnableOverDrive)
    i.HAL_RCCEx_PeriphCLKConfig              0x20010bc8   Section        0  stm32f7xx_hal_rcc_ex.o(i.HAL_RCCEx_PeriphCLKConfig)
    i.HAL_RCC_ClockConfig                    0x20011278   Section        0  stm32f7xx_hal_rcc.o(i.HAL_RCC_ClockConfig)
    i.HAL_RCC_GetHCLKFreq                    0x20011444   Section        0  stm32f7xx_hal_rcc.o(i.HAL_RCC_GetHCLKFreq)
    i.HAL_RCC_GetPCLK1Freq                   0x20011478   Section        0  stm32f7xx_hal_rcc.o(i.HAL_RCC_GetPCLK1Freq)
    i.HAL_RCC_GetPCLK2Freq                   0x200114a4   Section        0  stm32f7xx_hal_rcc.o(i.HAL_RCC_GetPCLK2Freq)
    i.HAL_RCC_GetSysClockFreq                0x200114d0   Section        0  stm32f7xx_hal_rcc.o(i.HAL_RCC_GetSysClockFreq)
    i.HAL_RCC_OscConfig                      0x20011554   Section        0  stm32f7xx_hal_rcc.o(i.HAL_RCC_OscConfig)
    i.HAL_SYSTICK_Config                     0x200118f8   Section        0  stm32f7xx_hal_cortex.o(i.HAL_SYSTICK_Config)
    i.HAL_TIMEx_BreakCallback                0x2001191e   Section        0  stm32f7xx_hal_tim_ex.o(i.HAL_TIMEx_BreakCallback)
    i.HAL_TIMEx_CommutationCallback          0x20011920   Section        0  stm32f7xx_hal_tim_ex.o(i.HAL_TIMEx_CommutationCallback)
    i.HAL_TIM_Base_Init                      0x20011922   Section        0  stm32f7xx_hal_tim.o(i.HAL_TIM_Base_Init)
    i.HAL_TIM_Base_MspInit                   0x20011954   Section        0  stm32f7xx_it.o(i.HAL_TIM_Base_MspInit)
    i.HAL_TIM_Base_Start_IT                  0x20011980   Section        0  stm32f7xx_hal_tim.o(i.HAL_TIM_Base_Start_IT)
    i.HAL_TIM_IC_CaptureCallback             0x20011998   Section        0  stm32f7xx_hal_tim.o(i.HAL_TIM_IC_CaptureCallback)
    i.HAL_TIM_IRQHandler                     0x2001199a   Section        0  stm32f7xx_hal_tim.o(i.HAL_TIM_IRQHandler)
    i.HAL_TIM_OC_DelayElapsedCallback        0x20011b18   Section        0  stm32f7xx_hal_tim.o(i.HAL_TIM_OC_DelayElapsedCallback)
    i.HAL_TIM_PWM_PulseFinishedCallback      0x20011b1a   Section        0  stm32f7xx_hal_tim.o(i.HAL_TIM_PWM_PulseFinishedCallback)
    i.HAL_TIM_PeriodElapsedCallback          0x20011b1c   Section        0  main.o(i.HAL_TIM_PeriodElapsedCallback)
    i.HAL_TIM_TriggerCallback                0x20011b22   Section        0  stm32f7xx_hal_tim.o(i.HAL_TIM_TriggerCallback)
    i.HAL_UART_Init                          0x20011b24   Section        0  stm32f7xx_hal_uart.o(i.HAL_UART_Init)
    i.HAL_UART_MspInit                       0x20011b90   Section        0  stm32f7xx_hal_msp.o(i.HAL_UART_MspInit)
    i.HAL_UART_Receive                       0x20011c28   Section        0  stm32f7xx_hal_uart.o(i.HAL_UART_Receive)
    i.HAL_UART_Transmit                      0x20011d34   Section        0  stm32f7xx_hal_uart.o(i.HAL_UART_Transmit)
    i.NVIC_SetPriority                       0x20011dfc   Section        0  stm32f7xx_hal_cortex.o(i.NVIC_SetPriority)
    NVIC_SetPriority                         0x20011dfd   Thumb Code    34  stm32f7xx_hal_cortex.o(i.NVIC_SetPriority)
    i.SysTick_Handler                        0x20011e1e   Section        0  stm32f7xx_it.o(i.SysTick_Handler)
    i.SystemClock_Config                     0x20011e22   Section        0  system_init.o(i.SystemClock_Config)
    i.SystemInit                             0x20011e84   Section        0  system_stm32f7xx.o(i.SystemInit)
    i.System_Init                            0x20011edc   Section        0  system_init.o(i.System_Init)
    i.TIM3_IRQHandler                        0x20011f18   Section        0  stm32f7xx_it.o(i.TIM3_IRQHandler)
    i.TIM_Base_SetConfig                     0x20011f24   Section        0  stm32f7xx_hal_tim.o(i.TIM_Base_SetConfig)
    i.Timer_Config                           0x20011fe8   Section        0  config.o(i.Timer_Config)
    i.UART_AdvFeatureConfig                  0x20012030   Section        0  stm32f7xx_hal_uart.o(i.UART_AdvFeatureConfig)
    i.UART_CheckIdleState                    0x200120f8   Section        0  stm32f7xx_hal_uart.o(i.UART_CheckIdleState)
    i.UART_Config                            0x20012148   Section        0  system_init.o(i.UART_Config)
    i.UART_SetConfig                         0x20012174   Section        0  stm32f7xx_hal_uart.o(i.UART_SetConfig)
    i.UART_WaitOnFlagUntilTimeout            0x200123bc   Section        0  stm32f7xx_hal_uart.o(i.UART_WaitOnFlagUntilTimeout)
    i.__0printf                              0x20012450   Section        0  printfa.o(i.__0printf)
    i.__scatterload_copy                     0x20012470   Section       14  handlers.o(i.__scatterload_copy)
    i.__scatterload_null                     0x2001247e   Section        2  handlers.o(i.__scatterload_null)
    i.__scatterload_zeroinit                 0x20012480   Section       14  handlers.o(i.__scatterload_zeroinit)
    i._fp_digits                             0x20012490   Section        0  printfa.o(i._fp_digits)
    _fp_digits                               0x20012491   Thumb Code   366  printfa.o(i._fp_digits)
    i._printf_core                           0x20012614   Section        0  printfa.o(i._printf_core)
    _printf_core                             0x20012615   Thumb Code  1744  printfa.o(i._printf_core)
    i._printf_post_padding                   0x20012cf0   Section        0  printfa.o(i._printf_post_padding)
    _printf_post_padding                     0x20012cf1   Thumb Code    36  printfa.o(i._printf_post_padding)
    i._printf_pre_padding                    0x20012d14   Section        0  printfa.o(i._printf_pre_padding)
    _printf_pre_padding                      0x20012d15   Thumb Code    46  printfa.o(i._printf_pre_padding)
    i.fputc                                  0x20012d44   Section        0  system_init.o(i.fputc)
    i.main                                   0x20012d5c   Section        0  main.o(i.main)
    .constdata                               0x20012f70   Section       56  stm32756g_eval.o(.constdata)
    .constdata                               0x20012fa8   Section       16  stm32f7xx_hal_rcc.o(.constdata)
    .conststring                             0x20012fb8   Section      113  main.o(.conststring)
    .data                                    0x20020000   Section        4  stm32f7xx_hal.o(.data)
    uwTick                                   0x20020000   Data           4  stm32f7xx_hal.o(.data)
    .data                                    0x20020004   Section       20  system_stm32f7xx.o(.data)
    .data                                    0x20020018   Section       16  main.o(.data)
    .data                                    0x20020028   Section        4  config.o(.data)
    .data                                    0x2002002c   Section        4  stdout.o(.data)
    .bss                                     0x20020030   Section      112  system_init.o(.bss)
    .bss                                     0x200200a0   Section       60  config.o(.bss)
    STACK                                    0x200200e0   Section     1024  startup_stm32f756xx.o(STACK)

    Global Symbols

    Symbol Name                              Value     Ov Type        Size  Object(Section)

    BuildAttributes$$THM_ISAv4$E$P$D$K$B$S$7EM$VFPi5$EXTD16$VFPS$VFMA$PE$PLD8$A:L22UL41UL21$X:L11$S22US41US21$IEEE1$IW$USESV6$~STKCKD$USESV7$~SHL$OSPACE$ROPI$EBA8$MICROLIB$REQ8$PRES8$EABIv2 0x00000000   Number         0  anon$$obj.o ABSOLUTE
    __ARM_use_no_argv                        0x00000000   Number         0  main.o ABSOLUTE
    _printf_a                                0x00000000   Number         0  stubs.o ABSOLUTE
    _printf_c                                0x00000000   Number         0  stubs.o ABSOLUTE
    _printf_charcount                        0x00000000   Number         0  stubs.o ABSOLUTE
    _printf_d                                0x00000000   Number         0  stubs.o ABSOLUTE
    _printf_e                                0x00000000   Number         0  stubs.o ABSOLUTE
    _printf_f                                0x00000000   Number         0  stubs.o ABSOLUTE
    _printf_flags                            0x00000000   Number         0  stubs.o ABSOLUTE
    _printf_fp_dec                           0x00000000   Number         0  stubs.o ABSOLUTE
    _printf_fp_hex                           0x00000000   Number         0  stubs.o ABSOLUTE
    _printf_g                                0x00000000   Number         0  stubs.o ABSOLUTE
    _printf_i                                0x00000000   Number         0  stubs.o ABSOLUTE
    _printf_int_dec                          0x00000000   Number         0  stubs.o ABSOLUTE
    _printf_l                                0x00000000   Number         0  stubs.o ABSOLUTE
    _printf_lc                               0x00000000   Number         0  stubs.o ABSOLUTE
    _printf_ll                               0x00000000   Number         0  stubs.o ABSOLUTE
    _printf_lld                              0x00000000   Number         0  stubs.o ABSOLUTE
    _printf_lli                              0x00000000   Number         0  stubs.o ABSOLUTE
    _printf_llo                              0x00000000   Number         0  stubs.o ABSOLUTE
    _printf_llu                              0x00000000   Number         0  stubs.o ABSOLUTE
    _printf_llx                              0x00000000   Number         0  stubs.o ABSOLUTE
    _printf_longlong_dec                     0x00000000   Number         0  stubs.o ABSOLUTE
    _printf_longlong_hex                     0x00000000   Number         0  stubs.o ABSOLUTE
    _printf_longlong_oct                     0x00000000   Number         0  stubs.o ABSOLUTE
    _printf_ls                               0x00000000   Number         0  stubs.o ABSOLUTE
    _printf_mbtowc                           0x00000000   Number         0  stubs.o ABSOLUTE
    _printf_n                                0x00000000   Number         0  stubs.o ABSOLUTE
    _printf_o                                0x00000000   Number         0  stubs.o ABSOLUTE
    _printf_p                                0x00000000   Number         0  stubs.o ABSOLUTE
    _printf_percent                          0x00000000   Number         0  stubs.o ABSOLUTE
    _printf_pre_padding                      0x00000000   Number         0  stubs.o ABSOLUTE
    _printf_return_value                     0x00000000   Number         0  stubs.o ABSOLUTE
    _printf_s                                0x00000000   Number         0  stubs.o ABSOLUTE
    _printf_sizespec                         0x00000000   Number         0  stubs.o ABSOLUTE
    _printf_str                              0x00000000   Number         0  stubs.o ABSOLUTE
    _printf_truncate_signed                  0x00000000   Number         0  stubs.o ABSOLUTE
    _printf_truncate_unsigned                0x00000000   Number         0  stubs.o ABSOLUTE
    _printf_u                                0x00000000   Number         0  stubs.o ABSOLUTE
    _printf_wc                               0x00000000   Number         0  stubs.o ABSOLUTE
    _printf_wctomb                           0x00000000   Number         0  stubs.o ABSOLUTE
    _printf_widthprec                        0x00000000   Number         0  stubs.o ABSOLUTE
    _printf_x                                0x00000000   Number         0  stubs.o ABSOLUTE
    __cpp_initialize__aeabi_                  - Undefined Weak Reference
    __cxa_finalize                            - Undefined Weak Reference
    __decompress                              - Undefined Weak Reference
    _clock_init                               - Undefined Weak Reference
    _microlib_exit                            - Undefined Weak Reference
    __Vectors_Size                           0x000001c8   Number         0  startup_stm32f756xx.o ABSOLUTE
    __Vectors                                0x20010000   Data           4  startup_stm32f756xx.o(RESET)
    __Vectors_End                            0x200101c8   Data           0  startup_stm32f756xx.o(RESET)
    __main                                   0x200101c9   Thumb Code     0  entry.o(.ARM.Collect$$$$00000000)
    _main_stk                                0x200101c9   Thumb Code     0  entry2.o(.ARM.Collect$$$$00000001)
    _main_scatterload                        0x200101cd   Thumb Code     0  entry5.o(.ARM.Collect$$$$00000004)
    __main_after_scatterload                 0x200101d1   Thumb Code     0  entry5.o(.ARM.Collect$$$$00000004)
    _main_clock                              0x200101d1   Thumb Code     0  entry7b.o(.ARM.Collect$$$$00000008)
    _main_cpp_init                           0x200101d1   Thumb Code     0  entry8b.o(.ARM.Collect$$$$0000000A)
    _main_init                               0x200101d1   Thumb Code     0  entry9a.o(.ARM.Collect$$$$0000000B)
    __rt_final_cpp                           0x200101d9   Thumb Code     0  entry10a.o(.ARM.Collect$$$$0000000D)
    __rt_final_exit                          0x200101d9   Thumb Code     0  entry11a.o(.ARM.Collect$$$$0000000F)
    Reset_Handler                            0x200101dd   Thumb Code     8  startup_stm32f756xx.o(.text)
    NMI_Handler                              0x200101e5   Thumb Code     2  startup_stm32f756xx.o(.text)
    HardFault_Handler                        0x200101e7   Thumb Code     2  startup_stm32f756xx.o(.text)
    MemManage_Handler                        0x200101e9   Thumb Code     2  startup_stm32f756xx.o(.text)
    BusFault_Handler                         0x200101eb   Thumb Code     2  startup_stm32f756xx.o(.text)
    UsageFault_Handler                       0x200101ed   Thumb Code     2  startup_stm32f756xx.o(.text)
    SVC_Handler                              0x200101ef   Thumb Code     2  startup_stm32f756xx.o(.text)
    DebugMon_Handler                         0x200101f1   Thumb Code     2  startup_stm32f756xx.o(.text)
    PendSV_Handler                           0x200101f3   Thumb Code     2  startup_stm32f756xx.o(.text)
    ADC_IRQHandler                           0x200101f7   Thumb Code     0  startup_stm32f756xx.o(.text)
    CAN1_RX0_IRQHandler                      0x200101f7   Thumb Code     0  startup_stm32f756xx.o(.text)
    CAN1_RX1_IRQHandler                      0x200101f7   Thumb Code     0  startup_stm32f756xx.o(.text)
    CAN1_SCE_IRQHandler                      0x200101f7   Thumb Code     0  startup_stm32f756xx.o(.text)
    CAN1_TX_IRQHandler                       0x200101f7   Thumb Code     0  startup_stm32f756xx.o(.text)
    CAN2_RX0_IRQHandler                      0x200101f7   Thumb Code     0  startup_stm32f756xx.o(.text)
    CAN2_RX1_IRQHandler                      0x200101f7   Thumb Code     0  startup_stm32f756xx.o(.text)
    CAN2_SCE_IRQHandler                      0x200101f7   Thumb Code     0  startup_stm32f756xx.o(.text)
    CAN2_TX_IRQHandler                       0x200101f7   Thumb Code     0  startup_stm32f756xx.o(.text)
    CEC_IRQHandler                           0x200101f7   Thumb Code     0  startup_stm32f756xx.o(.text)
    CRYP_IRQHandler                          0x200101f7   Thumb Code     0  startup_stm32f756xx.o(.text)
    DCMI_IRQHandler                          0x200101f7   Thumb Code     0  startup_stm32f756xx.o(.text)
    DMA1_Stream0_IRQHandler                  0x200101f7   Thumb Code     0  startup_stm32f756xx.o(.text)
    DMA1_Stream1_IRQHandler                  0x200101f7   Thumb Code     0  startup_stm32f756xx.o(.text)
    DMA1_Stream2_IRQHandler                  0x200101f7   Thumb Code     0  startup_stm32f756xx.o(.text)
    DMA1_Stream3_IRQHandler                  0x200101f7   Thumb Code     0  startup_stm32f756xx.o(.text)
    DMA1_Stream4_IRQHandler                  0x200101f7   Thumb Code     0  startup_stm32f756xx.o(.text)
    DMA1_Stream5_IRQHandler                  0x200101f7   Thumb Code     0  startup_stm32f756xx.o(.text)
    DMA1_Stream6_IRQHandler                  0x200101f7   Thumb Code     0  startup_stm32f756xx.o(.text)
    DMA1_Stream7_IRQHandler                  0x200101f7   Thumb Code     0  startup_stm32f756xx.o(.text)
    DMA2D_IRQHandler                         0x200101f7   Thumb Code     0  startup_stm32f756xx.o(.text)
    DMA2_Stream0_IRQHandler                  0x200101f7   Thumb Code     0  startup_stm32f756xx.o(.text)
    DMA2_Stream1_IRQHandler                  0x200101f7   Thumb Code     0  startup_stm32f756xx.o(.text)
    DMA2_Stream2_IRQHandler                  0x200101f7   Thumb Code     0  startup_stm32f756xx.o(.text)
    DMA2_Stream3_IRQHandler                  0x200101f7   Thumb Code     0  startup_stm32f756xx.o(.text)
    DMA2_Stream4_IRQHandler                  0x200101f7   Thumb Code     0  startup_stm32f756xx.o(.text)
    DMA2_Stream5_IRQHandler                  0x200101f7   Thumb Code     0  startup_stm32f756xx.o(.text)
    DMA2_Stream6_IRQHandler                  0x200101f7   Thumb Code     0  startup_stm32f756xx.o(.text)
    DMA2_Stream7_IRQHandler                  0x200101f7   Thumb Code     0  startup_stm32f756xx.o(.text)
    ETH_IRQHandler                           0x200101f7   Thumb Code     0  startup_stm32f756xx.o(.text)
    ETH_WKUP_IRQHandler                      0x200101f7   Thumb Code     0  startup_stm32f756xx.o(.text)
    EXTI0_IRQHandler                         0x200101f7   Thumb Code     0  startup_stm32f756xx.o(.text)
    EXTI15_10_IRQHandler                     0x200101f7   Thumb Code     0  startup_stm32f756xx.o(.text)
    EXTI1_IRQHandler                         0x200101f7   Thumb Code     0  startup_stm32f756xx.o(.text)
    EXTI2_IRQHandler                         0x200101f7   Thumb Code     0  startup_stm32f756xx.o(.text)
    EXTI3_IRQHandler                         0x200101f7   Thumb Code     0  startup_stm32f756xx.o(.text)
    EXTI4_IRQHandler                         0x200101f7   Thumb Code     0  startup_stm32f756xx.o(.text)
    EXTI9_5_IRQHandler                       0x200101f7   Thumb Code     0  startup_stm32f756xx.o(.text)
    FLASH_IRQHandler                         0x200101f7   Thumb Code     0  startup_stm32f756xx.o(.text)
    FMC_IRQHandler                           0x200101f7   Thumb Code     0  startup_stm32f756xx.o(.text)
    FPU_IRQHandler                           0x200101f7   Thumb Code     0  startup_stm32f756xx.o(.text)
    HASH_RNG_IRQHandler                      0x200101f7   Thumb Code     0  startup_stm32f756xx.o(.text)
    I2C1_ER_IRQHandler                       0x200101f7   Thumb Code     0  startup_stm32f756xx.o(.text)
    I2C1_EV_IRQHandler                       0x200101f7   Thumb Code     0  startup_stm32f756xx.o(.text)
    I2C2_ER_IRQHandler                       0x200101f7   Thumb Code     0  startup_stm32f756xx.o(.text)
    I2C2_EV_IRQHandler                       0x200101f7   Thumb Code     0  startup_stm32f756xx.o(.text)
    I2C3_ER_IRQHandler                       0x200101f7   Thumb Code     0  startup_stm32f756xx.o(.text)
    I2C3_EV_IRQHandler                       0x200101f7   Thumb Code     0  startup_stm32f756xx.o(.text)
    I2C4_ER_IRQHandler                       0x200101f7   Thumb Code     0  startup_stm32f756xx.o(.text)
    I2C4_EV_IRQHandler                       0x200101f7   Thumb Code     0  startup_stm32f756xx.o(.text)
    LPTIM1_IRQHandler                        0x200101f7   Thumb Code     0  startup_stm32f756xx.o(.text)
    LTDC_ER_IRQHandler                       0x200101f7   Thumb Code     0  startup_stm32f756xx.o(.text)
    LTDC_IRQHandler                          0x200101f7   Thumb Code     0  startup_stm32f756xx.o(.text)
    OTG_FS_IRQHandler                        0x200101f7   Thumb Code     0  startup_stm32f756xx.o(.text)
    OTG_FS_WKUP_IRQHandler                   0x200101f7   Thumb Code     0  startup_stm32f756xx.o(.text)
    OTG_HS_EP1_IN_IRQHandler                 0x200101f7   Thumb Code     0  startup_stm32f756xx.o(.text)
    OTG_HS_EP1_OUT_IRQHandler                0x200101f7   Thumb Code     0  startup_stm32f756xx.o(.text)
    OTG_HS_IRQHandler                        0x200101f7   Thumb Code     0  startup_stm32f756xx.o(.text)
    OTG_HS_WKUP_IRQHandler                   0x200101f7   Thumb Code     0  startup_stm32f756xx.o(.text)
    PVD_IRQHandler                           0x200101f7   Thumb Code     0  startup_stm32f756xx.o(.text)
    QUADSPI_IRQHandler                       0x200101f7   Thumb Code     0  startup_stm32f756xx.o(.text)
    RCC_IRQHandler                           0x200101f7   Thumb Code     0  startup_stm32f756xx.o(.text)
    RTC_Alarm_IRQHandler                     0x200101f7   Thumb Code     0  startup_stm32f756xx.o(.text)
    RTC_WKUP_IRQHandler                      0x200101f7   Thumb Code     0  startup_stm32f756xx.o(.text)
    SAI1_IRQHandler                          0x200101f7   Thumb Code     0  startup_stm32f756xx.o(.text)
    SAI2_IRQHandler                          0x200101f7   Thumb Code     0  startup_stm32f756xx.o(.text)
    SDMMC_IRQHandler                         0x200101f7   Thumb Code     0  startup_stm32f756xx.o(.text)
    SPDIF_RX_IRQHandler                      0x200101f7   Thumb Code     0  startup_stm32f756xx.o(.text)
    SPI1_IRQHandler                          0x200101f7   Thumb Code     0  startup_stm32f756xx.o(.text)
    SPI2_IRQHandler                          0x200101f7   Thumb Code     0  startup_stm32f756xx.o(.text)
    SPI3_IRQHandler                          0x200101f7   Thumb Code     0  startup_stm32f756xx.o(.text)
    SPI4_IRQHandler                          0x200101f7   Thumb Code     0  startup_stm32f756xx.o(.text)
    SPI5_IRQHandler                          0x200101f7   Thumb Code     0  startup_stm32f756xx.o(.text)
    SPI6_IRQHandler                          0x200101f7   Thumb Code     0  startup_stm32f756xx.o(.text)
    TAMP_STAMP_IRQHandler                    0x200101f7   Thumb Code     0  startup_stm32f756xx.o(.text)
    TIM1_BRK_TIM9_IRQHandler                 0x200101f7   Thumb Code     0  startup_stm32f756xx.o(.text)
    TIM1_CC_IRQHandler                       0x200101f7   Thumb Code     0  startup_stm32f756xx.o(.text)
    TIM1_TRG_COM_TIM11_IRQHandler            0x200101f7   Thumb Code     0  startup_stm32f756xx.o(.text)
    TIM1_UP_TIM10_IRQHandler                 0x200101f7   Thumb Code     0  startup_stm32f756xx.o(.text)
    TIM2_IRQHandler                          0x200101f7   Thumb Code     0  startup_stm32f756xx.o(.text)
    TIM4_IRQHandler                          0x200101f7   Thumb Code     0  startup_stm32f756xx.o(.text)
    TIM5_IRQHandler                          0x200101f7   Thumb Code     0  startup_stm32f756xx.o(.text)
    TIM6_DAC_IRQHandler                      0x200101f7   Thumb Code     0  startup_stm32f756xx.o(.text)
    TIM7_IRQHandler                          0x200101f7   Thumb Code     0  startup_stm32f756xx.o(.text)
    TIM8_BRK_TIM12_IRQHandler                0x200101f7   Thumb Code     0  startup_stm32f756xx.o(.text)
    TIM8_CC_IRQHandler                       0x200101f7   Thumb Code     0  startup_stm32f756xx.o(.text)
    TIM8_TRG_COM_TIM14_IRQHandler            0x200101f7   Thumb Code     0  startup_stm32f756xx.o(.text)
    TIM8_UP_TIM13_IRQHandler                 0x200101f7   Thumb Code     0  startup_stm32f756xx.o(.text)
    UART4_IRQHandler                         0x200101f7   Thumb Code     0  startup_stm32f756xx.o(.text)
    UART5_IRQHandler                         0x200101f7   Thumb Code     0  startup_stm32f756xx.o(.text)
    UART7_IRQHandler                         0x200101f7   Thumb Code     0  startup_stm32f756xx.o(.text)
    UART8_IRQHandler                         0x200101f7   Thumb Code     0  startup_stm32f756xx.o(.text)
    USART1_IRQHandler                        0x200101f7   Thumb Code     0  startup_stm32f756xx.o(.text)
    USART2_IRQHandler                        0x200101f7   Thumb Code     0  startup_stm32f756xx.o(.text)
    USART3_IRQHandler                        0x200101f7   Thumb Code     0  startup_stm32f756xx.o(.text)
    USART6_IRQHandler                        0x200101f7   Thumb Code     0  startup_stm32f756xx.o(.text)
    WWDG_IRQHandler                          0x200101f7   Thumb Code     0  startup_stm32f756xx.o(.text)
    __aeabi_dadd                             0x20010201   Thumb Code   322  dadd.o(.text)
    __aeabi_dsub                             0x20010343   Thumb Code     6  dadd.o(.text)
    __aeabi_drsub                            0x20010349   Thumb Code     6  dadd.o(.text)
    __aeabi_dmul                             0x2001034f   Thumb Code   228  dmul.o(.text)
    __aeabi_ddiv                             0x20010433   Thumb Code   222  ddiv.o(.text)
    __aeabi_ui2d                             0x20010511   Thumb Code    26  dfltui.o(.text)
    __aeabi_d2uiz                            0x2001052b   Thumb Code    50  dfixui.o(.text)
    __aeabi_uidiv                            0x2001055d   Thumb Code     0  uidiv.o(.text)
    __aeabi_uidivmod                         0x2001055d   Thumb Code    44  uidiv.o(.text)
    __aeabi_uldivmod                         0x20010589   Thumb Code    98  uldiv.o(.text)
    __aeabi_llsl                             0x200105eb   Thumb Code    30  llshl.o(.text)
    _ll_shift_l                              0x200105eb   Thumb Code     0  llshl.o(.text)
    __aeabi_llsr                             0x20010609   Thumb Code    32  llushr.o(.text)
    _ll_ushift_r                             0x20010609   Thumb Code     0  llushr.o(.text)
    __aeabi_lasr                             0x20010629   Thumb Code    36  llsshr.o(.text)
    _ll_sshift_r                             0x20010629   Thumb Code     0  llsshr.o(.text)
    __I$use$fp                               0x2001064d   Thumb Code     0  iusefp.o(.text)
    _double_round                            0x2001064d   Thumb Code    30  depilogue.o(.text)
    _double_epilogue                         0x2001066b   Thumb Code   156  depilogue.o(.text)
    __aeabi_d2ulz                            0x20010707   Thumb Code    48  dfixul.o(.text)
    __aeabi_cdrcmple                         0x20010739   Thumb Code    48  cdrcmple.o(.text)
    __scatterload                            0x20010769   Thumb Code    28  init.o(.text)
    __scatterload_rt2                        0x20010769   Thumb Code     0  init.o(.text)
    BSP_LED_Init                             0x2001078d   Thumb Code    86  stm32756g_eval.o(i.BSP_LED_Init)
    BSP_LED_Toggle                           0x200107f1   Thumb Code    32  stm32756g_eval.o(i.BSP_LED_Toggle)
    HAL_GPIO_Init                            0x2001088d   Thumb Code   418  stm32f7xx_hal_gpio.o(i.HAL_GPIO_Init)
    HAL_GPIO_TogglePin                       0x20010a65   Thumb Code     8  stm32f7xx_hal_gpio.o(i.HAL_GPIO_TogglePin)
    HAL_GPIO_WritePin                        0x20010a6d   Thumb Code    10  stm32f7xx_hal_gpio.o(i.HAL_GPIO_WritePin)
    HAL_GetTick                              0x20010a79   Thumb Code     6  stm32f7xx_hal.o(i.HAL_GetTick)
    HAL_IncTick                              0x20010a85   Thumb Code    10  stm32f7xx_hal.o(i.HAL_IncTick)
    HAL_Init                                 0x20010a95   Thumb Code    32  stm32f7xx_hal.o(i.HAL_Init)
    HAL_InitTick                             0x20010ab9   Thumb Code    34  stm32f7xx_hal.o(i.HAL_InitTick)
    HAL_MspInit                              0x20010adb   Thumb Code     8  stm32f7xx_hal.o(i.HAL_MspInit)
    HAL_NVIC_EnableIRQ                       0x20010ae3   Thumb Code    22  stm32f7xx_hal_cortex.o(i.HAL_NVIC_EnableIRQ)
    HAL_NVIC_SetPriority                     0x20010af9   Thumb Code    60  stm32f7xx_hal_cortex.o(i.HAL_NVIC_SetPriority)
    HAL_NVIC_SetPriorityGrouping             0x20010b39   Thumb Code    28  stm32f7xx_hal_cortex.o(i.HAL_NVIC_SetPriorityGrouping)
    HAL_PWREx_EnableOverDrive                0x20010b5d   Thumb Code   100  stm32f7xx_hal_pwr_ex.o(i.HAL_PWREx_EnableOverDrive)
    HAL_RCCEx_PeriphCLKConfig                0x20010bc9   Thumb Code  1708  stm32f7xx_hal_rcc_ex.o(i.HAL_RCCEx_PeriphCLKConfig)
    HAL_RCC_ClockConfig                      0x20011279   Thumb Code   450  stm32f7xx_hal_rcc.o(i.HAL_RCC_ClockConfig)
    HAL_RCC_GetHCLKFreq                      0x20011445   Thumb Code    38  stm32f7xx_hal_rcc.o(i.HAL_RCC_GetHCLKFreq)
    HAL_RCC_GetPCLK1Freq                     0x20011479   Thumb Code    36  stm32f7xx_hal_rcc.o(i.HAL_RCC_GetPCLK1Freq)
    HAL_RCC_GetPCLK2Freq                     0x200114a5   Thumb Code    36  stm32f7xx_hal_rcc.o(i.HAL_RCC_GetPCLK2Freq)
    HAL_RCC_GetSysClockFreq                  0x200114d1   Thumb Code   120  stm32f7xx_hal_rcc.o(i.HAL_RCC_GetSysClockFreq)
    HAL_RCC_OscConfig                        0x20011555   Thumb Code   922  stm32f7xx_hal_rcc.o(i.HAL_RCC_OscConfig)
    HAL_SYSTICK_Config                       0x200118f9   Thumb Code    38  stm32f7xx_hal_cortex.o(i.HAL_SYSTICK_Config)
    HAL_TIMEx_BreakCallback                  0x2001191f   Thumb Code     2  stm32f7xx_hal_tim_ex.o(i.HAL_TIMEx_BreakCallback)
    HAL_TIMEx_CommutationCallback            0x20011921   Thumb Code     2  stm32f7xx_hal_tim_ex.o(i.HAL_TIMEx_CommutationCallback)
    HAL_TIM_Base_Init                        0x20011923   Thumb Code    48  stm32f7xx_hal_tim.o(i.HAL_TIM_Base_Init)
    HAL_TIM_Base_MspInit                     0x20011955   Thumb Code    40  stm32f7xx_it.o(i.HAL_TIM_Base_MspInit)
    HAL_TIM_Base_Start_IT                    0x20011981   Thumb Code    24  stm32f7xx_hal_tim.o(i.HAL_TIM_Base_Start_IT)
    HAL_TIM_IC_CaptureCallback               0x20011999   Thumb Code     2  stm32f7xx_hal_tim.o(i.HAL_TIM_IC_CaptureCallback)
    HAL_TIM_IRQHandler                       0x2001199b   Thumb Code   382  stm32f7xx_hal_tim.o(i.HAL_TIM_IRQHandler)
    HAL_TIM_OC_DelayElapsedCallback          0x20011b19   Thumb Code     2  stm32f7xx_hal_tim.o(i.HAL_TIM_OC_DelayElapsedCallback)
    HAL_TIM_PWM_PulseFinishedCallback        0x20011b1b   Thumb Code     2  stm32f7xx_hal_tim.o(i.HAL_TIM_PWM_PulseFinishedCallback)
    HAL_TIM_PeriodElapsedCallback            0x20011b1d   Thumb Code     6  main.o(i.HAL_TIM_PeriodElapsedCallback)
    HAL_TIM_TriggerCallback                  0x20011b23   Thumb Code     2  stm32f7xx_hal_tim.o(i.HAL_TIM_TriggerCallback)
    HAL_UART_Init                            0x20011b25   Thumb Code   106  stm32f7xx_hal_uart.o(i.HAL_UART_Init)
    HAL_UART_MspInit                         0x20011b91   Thumb Code   144  stm32f7xx_hal_msp.o(i.HAL_UART_MspInit)
    HAL_UART_Receive                         0x20011c29   Thumb Code   268  stm32f7xx_hal_uart.o(i.HAL_UART_Receive)
    HAL_UART_Transmit                        0x20011d35   Thumb Code   200  stm32f7xx_hal_uart.o(i.HAL_UART_Transmit)
    SysTick_Handler                          0x20011e1f   Thumb Code     4  stm32f7xx_it.o(i.SysTick_Handler)
    SystemClock_Config                       0x20011e23   Thumb Code    96  system_init.o(i.SystemClock_Config)
    SystemInit                               0x20011e85   Thumb Code    68  system_stm32f7xx.o(i.SystemInit)
    System_Init                              0x20011edd   Thumb Code    28  system_init.o(i.System_Init)
    TIM3_IRQHandler                          0x20011f19   Thumb Code     6  stm32f7xx_it.o(i.TIM3_IRQHandler)
    TIM_Base_SetConfig                       0x20011f25   Thumb Code   150  stm32f7xx_hal_tim.o(i.TIM_Base_SetConfig)
    Timer_Config                             0x20011fe9   Thumb Code    54  config.o(i.Timer_Config)
    UART_AdvFeatureConfig                    0x20012031   Thumb Code   200  stm32f7xx_hal_uart.o(i.UART_AdvFeatureConfig)
    UART_CheckIdleState                      0x200120f9   Thumb Code    78  stm32f7xx_hal_uart.o(i.UART_CheckIdleState)
    UART_Config                              0x20012149   Thumb Code    34  system_init.o(i.UART_Config)
    UART_SetConfig                           0x20012175   Thumb Code   534  stm32f7xx_hal_uart.o(i.UART_SetConfig)
    UART_WaitOnFlagUntilTimeout              0x200123bd   Thumb Code   146  stm32f7xx_hal_uart.o(i.UART_WaitOnFlagUntilTimeout)
    __0printf                                0x20012451   Thumb Code    22  printfa.o(i.__0printf)
    __1printf                                0x20012451   Thumb Code     0  printfa.o(i.__0printf)
    __2printf                                0x20012451   Thumb Code     0  printfa.o(i.__0printf)
    __c89printf                              0x20012451   Thumb Code     0  printfa.o(i.__0printf)
    printf                                   0x20012451   Thumb Code     0  printfa.o(i.__0printf)
    __scatterload_copy                       0x20012471   Thumb Code    14  handlers.o(i.__scatterload_copy)
    __scatterload_null                       0x2001247f   Thumb Code     2  handlers.o(i.__scatterload_null)
    __scatterload_zeroinit                   0x20012481   Thumb Code    14  handlers.o(i.__scatterload_zeroinit)
    fputc                                    0x20012d45   Thumb Code    20  system_init.o(i.fputc)
    main                                     0x20012d5d   Thumb Code   372  main.o(i.main)
    COM_TX_PIN                               0x20012f70   Data           2  stm32756g_eval.o(.constdata)
    COM_RX_PIN                               0x20012f72   Data           2  stm32756g_eval.o(.constdata)
    COM_TX_AF                                0x20012f74   Data           2  stm32756g_eval.o(.constdata)
    COM_RX_AF                                0x20012f76   Data           2  stm32756g_eval.o(.constdata)
    GPIO_PIN                                 0x20012f78   Data          16  stm32756g_eval.o(.constdata)
    BUTTON_PIN                               0x20012f88   Data          16  stm32756g_eval.o(.constdata)
    BUTTON_IRQn                              0x20012f98   Data          16  stm32756g_eval.o(.constdata)
    APBAHBPrescTable                         0x20012fa8   Data          16  stm32f7xx_hal_rcc.o(.constdata)
    Region$$Table$$Base                      0x2001302c   Number         0  anon$$obj.o(Region$$Table)
    Region$$Table$$Limit                     0x2001304c   Number         0  anon$$obj.o(Region$$Table)
    SystemCoreClock                          0x20020004   Data           4  system_stm32f7xx.o(.data)
    AHBPrescTable                            0x20020008   Data          16  system_stm32f7xx.o(.data)
    uRxBuffer                                0x20020018   Data           1  main.o(.data)
    ARRValue                                 0x20020020   Data           8  main.o(.data)
    uwPrescalerValue                         0x20020028   Data           4  config.o(.data)
    __stdout                                 0x2002002c   Data           4  stdout.o(.data)
    UartHandle                               0x20020030   Data         112  system_init.o(.bss)
    TimHandle                                0x200200a0   Data          60  config.o(.bss)
    __initial_sp                             0x200204e0   Data           0  startup_stm32f756xx.o(STACK)



==============================================================================

Memory Map of the image

  Image Entry point : 0x200101c9

  Load Region LR_IROM1 (Base: 0x20010000, Size: 0x0000307c, Max: 0x00010000, ABSOLUTE)

    Execution Region ER_IROM1 (Base: 0x20010000, Size: 0x0000304c, Max: 0x00010000, ABSOLUTE)

    Base Addr    Size         Type   Attr      Idx    E Section Name        Object

    0x20010000   0x000001c8   Data   RO            3    RESET               startup_stm32f756xx.o
    0x200101c8   0x00000000   Code   RO         3280  * .ARM.Collect$$$$00000000  mc_w.l(entry.o)
    0x200101c8   0x00000004   Code   RO         3554    .ARM.Collect$$$$00000001  mc_w.l(entry2.o)
    0x200101cc   0x00000004   Code   RO         3557    .ARM.Collect$$$$00000004  mc_w.l(entry5.o)
    0x200101d0   0x00000000   Code   RO         3559    .ARM.Collect$$$$00000008  mc_w.l(entry7b.o)
    0x200101d0   0x00000000   Code   RO         3561    .ARM.Collect$$$$0000000A  mc_w.l(entry8b.o)
    0x200101d0   0x00000008   Code   RO         3562    .ARM.Collect$$$$0000000B  mc_w.l(entry9a.o)
    0x200101d8   0x00000000   Code   RO         3564    .ARM.Collect$$$$0000000D  mc_w.l(entry10a.o)
    0x200101d8   0x00000000   Code   RO         3566    .ARM.Collect$$$$0000000F  mc_w.l(entry11a.o)
    0x200101d8   0x00000004   Code   RO         3555    .ARM.Collect$$$$00002712  mc_w.l(entry2.o)
    0x200101dc   0x00000024   Code   RO            4    .text               startup_stm32f756xx.o
    0x20010200   0x0000014e   Code   RO         3544    .text               mf_w.l(dadd.o)
    0x2001034e   0x000000e4   Code   RO         3546    .text               mf_w.l(dmul.o)
    0x20010432   0x000000de   Code   RO         3548    .text               mf_w.l(ddiv.o)
    0x20010510   0x0000001a   Code   RO         3550    .text               mf_w.l(dfltui.o)
    0x2001052a   0x00000032   Code   RO         3552    .text               mf_w.l(dfixui.o)
    0x2001055c   0x0000002c   Code   RO         3569    .text               mc_w.l(uidiv.o)
    0x20010588   0x00000062   Code   RO         3571    .text               mc_w.l(uldiv.o)
    0x200105ea   0x0000001e   Code   RO         3573    .text               mc_w.l(llshl.o)
    0x20010608   0x00000020   Code   RO         3575    .text               mc_w.l(llushr.o)
    0x20010628   0x00000024   Code   RO         3577    .text               mc_w.l(llsshr.o)
    0x2001064c   0x00000000   Code   RO         3579    .text               mc_w.l(iusefp.o)
    0x2001064c   0x000000ba   Code   RO         3580    .text               mf_w.l(depilogue.o)
    0x20010706   0x00000030   Code   RO         3582    .text               mf_w.l(dfixul.o)
    0x20010736   0x00000002   PAD
    0x20010738   0x00000030   Code   RO         3584    .text               mf_w.l(cdrcmple.o)
    0x20010768   0x00000024   Code   RO         3586    .text               mc_w.l(init.o)
    0x2001078c   0x00000064   Code   RO           26    i.BSP_LED_Init      stm32756g_eval.o
    0x200107f0   0x00000028   Code   RO           29    i.BSP_LED_Toggle    stm32756g_eval.o
    0x20010818   0x00000074   Code   RO         2741    i.CPU_CACHE_Enable  system_init.o
    0x2001088c   0x000001d8   Code   RO          533    i.HAL_GPIO_Init     stm32f7xx_hal_gpio.o
    0x20010a64   0x00000008   Code   RO          536    i.HAL_GPIO_TogglePin  stm32f7xx_hal_gpio.o
    0x20010a6c   0x0000000a   Code   RO          537    i.HAL_GPIO_WritePin  stm32f7xx_hal_gpio.o
    0x20010a76   0x00000002   PAD
    0x20010a78   0x0000000c   Code   RO          611    i.HAL_GetTick       stm32f7xx_hal.o
    0x20010a84   0x00000010   Code   RO          612    i.HAL_IncTick       stm32f7xx_hal.o
    0x20010a94   0x00000024   Code   RO          613    i.HAL_Init          stm32f7xx_hal.o
    0x20010ab8   0x00000022   Code   RO          614    i.HAL_InitTick      stm32f7xx_hal.o
    0x20010ada   0x00000008   Code   RO          616    i.HAL_MspInit       stm32f7xx_hal.o
    0x20010ae2   0x00000016   Code   RO          757    i.HAL_NVIC_EnableIRQ  stm32f7xx_hal_cortex.o
    0x20010af8   0x00000040   Code   RO          763    i.HAL_NVIC_SetPriority  stm32f7xx_hal_cortex.o
    0x20010b38   0x00000024   Code   RO          764    i.HAL_NVIC_SetPriorityGrouping  stm32f7xx_hal_cortex.o
    0x20010b5c   0x0000006c   Code   RO         1317    i.HAL_PWREx_EnableOverDrive  stm32f7xx_hal_pwr_ex.o
    0x20010bc8   0x000006b0   Code   RO         1510    i.HAL_RCCEx_PeriphCLKConfig  stm32f7xx_hal_rcc_ex.o
    0x20011278   0x000001cc   Code   RO         1404    i.HAL_RCC_ClockConfig  stm32f7xx_hal_rcc.o
    0x20011444   0x00000034   Code   RO         1409    i.HAL_RCC_GetHCLKFreq  stm32f7xx_hal_rcc.o
    0x20011478   0x0000002c   Code   RO         1411    i.HAL_RCC_GetPCLK1Freq  stm32f7xx_hal_rcc.o
    0x200114a4   0x0000002c   Code   RO         1412    i.HAL_RCC_GetPCLK2Freq  stm32f7xx_hal_rcc.o
    0x200114d0   0x00000084   Code   RO         1413    i.HAL_RCC_GetSysClockFreq  stm32f7xx_hal_rcc.o
    0x20011554   0x000003a4   Code   RO         1416    i.HAL_RCC_OscConfig  stm32f7xx_hal_rcc.o
    0x200118f8   0x00000026   Code   RO          768    i.HAL_SYSTICK_Config  stm32f7xx_hal_cortex.o
    0x2001191e   0x00000002   Code   RO         2468    i.HAL_TIMEx_BreakCallback  stm32f7xx_hal_tim_ex.o
    0x20011920   0x00000002   Code   RO         2469    i.HAL_TIMEx_CommutationCallback  stm32f7xx_hal_tim_ex.o
    0x20011922   0x00000030   Code   RO         1836    i.HAL_TIM_Base_Init  stm32f7xx_hal_tim.o
    0x20011952   0x00000002   PAD
    0x20011954   0x0000002c   Code   RO         3243    i.HAL_TIM_Base_MspInit  stm32f7xx_it.o
    0x20011980   0x00000018   Code   RO         1841    i.HAL_TIM_Base_Start_IT  stm32f7xx_hal_tim.o
    0x20011998   0x00000002   Code   RO         1865    i.HAL_TIM_IC_CaptureCallback  stm32f7xx_hal_tim.o
    0x2001199a   0x0000017e   Code   RO         1878    i.HAL_TIM_IRQHandler  stm32f7xx_hal_tim.o
    0x20011b18   0x00000002   Code   RO         1881    i.HAL_TIM_OC_DelayElapsedCallback  stm32f7xx_hal_tim.o
    0x20011b1a   0x00000002   Code   RO         1908    i.HAL_TIM_PWM_PulseFinishedCallback  stm32f7xx_hal_tim.o
    0x20011b1c   0x00000006   Code   RO         3177    i.HAL_TIM_PeriodElapsedCallback  main.o
    0x20011b22   0x00000002   Code   RO         1919    i.HAL_TIM_TriggerCallback  stm32f7xx_hal_tim.o
    0x20011b24   0x0000006a   Code   RO         1561    i.HAL_UART_Init     stm32f7xx_hal_uart.o
    0x20011b8e   0x00000002   PAD
    0x20011b90   0x00000098   Code   RO         1802    i.HAL_UART_MspInit  stm32f7xx_hal_msp.o
    0x20011c28   0x0000010c   Code   RO         1564    i.HAL_UART_Receive  stm32f7xx_hal_uart.o
    0x20011d34   0x000000c8   Code   RO         1569    i.HAL_UART_Transmit  stm32f7xx_hal_uart.o
    0x20011dfc   0x00000022   Code   RO          770    i.NVIC_SetPriority  stm32f7xx_hal_cortex.o
    0x20011e1e   0x00000004   Code   RO         3244    i.SysTick_Handler   stm32f7xx_it.o
    0x20011e22   0x00000060   Code   RO         2742    i.SystemClock_Config  system_init.o
    0x20011e82   0x00000002   PAD
    0x20011e84   0x00000058   Code   RO         2806    i.SystemInit        system_stm32f7xx.o
    0x20011edc   0x0000003c   Code   RO         2743    i.System_Init       system_init.o
    0x20011f18   0x0000000c   Code   RO         3245    i.TIM3_IRQHandler   stm32f7xx_it.o
    0x20011f24   0x000000c4   Code   RO         1920    i.TIM_Base_SetConfig  stm32f7xx_hal_tim.o
    0x20011fe8   0x00000048   Code   RO         3215    i.Timer_Config      config.o
    0x20012030   0x000000c8   Code   RO         1574    i.UART_AdvFeatureConfig  stm32f7xx_hal_uart.o
    0x200120f8   0x0000004e   Code   RO         1575    i.UART_CheckIdleState  stm32f7xx_hal_uart.o
    0x20012146   0x00000002   PAD
    0x20012148   0x0000002c   Code   RO         2744    i.UART_Config       system_init.o
    0x20012174   0x00000248   Code   RO         1582    i.UART_SetConfig    stm32f7xx_hal_uart.o
    0x200123bc   0x00000092   Code   RO         1584    i.UART_WaitOnFlagUntilTimeout  stm32f7xx_hal_uart.o
    0x2001244e   0x00000002   PAD
    0x20012450   0x00000020   Code   RO         3516    i.__0printf         mc_w.l(printfa.o)
    0x20012470   0x0000000e   Code   RO         3590    i.__scatterload_copy  mc_w.l(handlers.o)
    0x2001247e   0x00000002   Code   RO         3591    i.__scatterload_null  mc_w.l(handlers.o)
    0x20012480   0x0000000e   Code   RO         3592    i.__scatterload_zeroinit  mc_w.l(handlers.o)
    0x2001248e   0x00000002   PAD
    0x20012490   0x00000184   Code   RO         3523    i._fp_digits        mc_w.l(printfa.o)
    0x20012614   0x000006dc   Code   RO         3524    i._printf_core      mc_w.l(printfa.o)
    0x20012cf0   0x00000024   Code   RO         3525    i._printf_post_padding  mc_w.l(printfa.o)
    0x20012d14   0x0000002e   Code   RO         3526    i._printf_pre_padding  mc_w.l(printfa.o)
    0x20012d42   0x00000002   PAD
    0x20012d44   0x00000018   Code   RO         2746    i.fputc             system_init.o
    0x20012d5c   0x00000214   Code   RO         3178    i.main              main.o
    0x20012f70   0x00000038   Data   RO           66    .constdata          stm32756g_eval.o
    0x20012fa8   0x00000010   Data   RO         1417    .constdata          stm32f7xx_hal_rcc.o
    0x20012fb8   0x00000071   Data   RO         3179    .conststring        main.o
    0x20013029   0x00000003   PAD
    0x2001302c   0x00000020   Data   RO         3588    Region$$Table       anon$$obj.o


    Execution Region RW_IRAM1 (Base: 0x20020000, Size: 0x000004e0, Max: 0x00010000, ABSOLUTE)

    Base Addr    Size         Type   Attr      Idx    E Section Name        Object

    0x20020000   0x00000004   Data   RW          619    .data               stm32f7xx_hal.o
    0x20020004   0x00000014   Data   RW         2807    .data               system_stm32f7xx.o
    0x20020018   0x00000010   Data   RW         3180    .data               main.o
    0x20020028   0x00000004   Data   RW         3217    .data               config.o
    0x2002002c   0x00000004   Data   RW         3568    .data               mc_w.l(stdout.o)
    0x20020030   0x00000070   Zero   RW         2747    .bss                system_init.o
    0x200200a0   0x0000003c   Zero   RW         3216    .bss                config.o
    0x200200dc   0x00000004   PAD
    0x200200e0   0x00000400   Zero   RW            1    STACK               startup_stm32f756xx.o


==============================================================================

Image component sizes


      Code (inc. data)   RO Data    RW Data    ZI Data      Debug   Object Name

        72         18          0          4         60        912   config.o
       538        160        113         16          0       2427   main.o
        36          8        456          0       1024        920   startup_stm32f756xx.o
       140         22         56          0          0     485894   stm32756g_eval.o
       106         16          0          4          0       3868   stm32f7xx_hal.o
       194         12          0          0          0      35627   stm32f7xx_hal_cortex.o
       490         54          0          0          0       3245   stm32f7xx_hal_gpio.o
       152          8          0          0          0       1231   stm32f7xx_hal_msp.o
       108          8          0          0          0       1292   stm32f7xx_hal_pwr_ex.o
      1664         62         16          0          0       6227   stm32f7xx_hal_rcc.o
      1712         16          0          0          0       2464   stm32f7xx_hal_rcc_ex.o
       658         46          0          0          0       6853   stm32f7xx_hal_tim.o
         4          0          0          0          0       1734   stm32f7xx_hal_tim_ex.o
      1582         70          0          0          0       7664   stm32f7xx_hal_uart.o
        60         10          0          0          0       2015   stm32f7xx_it.o
       340         54          0          0        112      35883   system_init.o
        88         20          0         20          0       1369   system_stm32f7xx.o

    ----------------------------------------------------------------------
      7956        584        676         44       1200     599625   Object Totals
         0          0         32          0          0          0   (incl. Generated)
        12          0          3          0          4          0   (incl. Padding)

    ----------------------------------------------------------------------

      Code (inc. data)   RO Data    RW Data    ZI Data      Debug   Library Member Name

         0          0          0          0          0          0   entry.o
         0          0          0          0          0          0   entry10a.o
         0          0          0          0          0          0   entry11a.o
         8          4          0          0          0          0   entry2.o
         4          0          0          0          0          0   entry5.o
         0          0          0          0          0          0   entry7b.o
         0          0          0          0          0          0   entry8b.o
         8          4          0          0          0          0   entry9a.o
        30          0          0          0          0          0   handlers.o
        36          8          0          0          0         68   init.o
         0          0          0          0          0          0   iusefp.o
        30          0          0          0          0         68   llshl.o
        36          0          0          0          0         68   llsshr.o
        32          0          0          0          0         68   llushr.o
      2258         90          0          0          0        452   printfa.o
         0          0          0          4          0          0   stdout.o
        44          0          0          0          0         80   uidiv.o
        98          0          0          0          0         92   uldiv.o
        48          0          0          0          0         68   cdrcmple.o
       334          0          0          0          0        148   dadd.o
       222          0          0          0          0        100   ddiv.o
       186          0          0          0          0        176   depilogue.o
        50          0          0          0          0         76   dfixui.o
        48          0          0          0          0         68   dfixul.o
        26          0          0          0          0         76   dfltui.o
       228          0          0          0          0         96   dmul.o

    ----------------------------------------------------------------------
      3732        106          0          4          0       1704   Library Totals
         6          0          0          0          0          0   (incl. Padding)

    ----------------------------------------------------------------------

      Code (inc. data)   RO Data    RW Data    ZI Data      Debug   Library Name

      2584        106          0          4          0        896   mc_w.l
      1142          0          0          0          0        808   mf_w.l

    ----------------------------------------------------------------------
      3732        106          0          4          0       1704   Library Totals

    ----------------------------------------------------------------------

==============================================================================


      Code (inc. data)   RO Data    RW Data    ZI Data      Debug   

     11688        690        676         48       1200     595749   Grand Totals
     11688        690        676         48       1200     595749   ELF Image Totals
     11688        690        676         48          0          0   ROM Totals

==============================================================================

    Total RO  Size (Code + RO Data)                12364 (  12.07kB)
    Total RW  Size (RW Data + ZI Data)              1248 (   1.22kB)
    Total ROM Size (Code + RO Data + RW Data)      12412 (  12.12kB)

==============================================================================

