<html>
<body>
<pre>
<h1>礦ision Build Log</h1>
<h2>Tool Versions:</h2>
IDE-Version: μVision V5.21.1.0
Copyright (C) 2016 ARM Ltd and ARM Germany GmbH. All rights reserved.
License Information: yunpeng wang, csu, LIC=----
 
Tool Versions:
Toolchain:       MDK-Lite  Version: 5.21a
Toolchain Path:  E:\MDK\ARM\ARMCC\Bin
C Compiler:      Armcc.exe V5.06 update 3 (build 300)
Assembler:       Armasm.exe V5.06 update 3 (build 300)
Linker/Locator:  ArmLink.exe V5.06 update 3 (build 300)
Library Manager: ArmAr.exe V5.06 update 3 (build 300)
Hex Converter:   FromElf.exe V5.06 update 3 (build 300)
CPU DLL:         SARMCM3.DLL V5.21a
Dialog DLL:      DCM.DLL V1.13.8.0
Target DLL:      UL2CM3.DLL V1.158.5.0
Dialog DLL:      TCM.DLL V1.14.14.0
 
<h2>Project:</h2>
E:\嵌入式实验\嵌入式系统实验指导2021New\STM32F746_Experiment_v1.1\05_TIMER\MDK_proj\Project.uvprojx
Project File Date:  07/29/2016

<h2>Output:</h2>
*** Using Compiler 'V5.06 update 3 (build 300)', folder: 'E:\MDK\ARM\ARMCC\Bin'
Rebuild target 'STM32F746_Experiment'
assembling startup_stm32f756xx.s...
compiling stm32f7xx_hal.c...
compiling stm32f7xx_hal_gpio.c...
compiling stm32756g_eval_io.c...
compiling stm32f7xx_hal_dma.c...
compiling stm32f7xx_hal_cortex.c...
compiling stm32756g_eval.c...
compiling stm32f7xx_hal_i2c.c...
compiling stm32f7xx_hal_i2c_ex.c...
compiling stm32f7xx_hal_rcc.c...
compiling stm32f7xx_hal_pwr_ex.c...
compiling stm32f7xx_hal_msp.c...
compiling stm32f7xx_hal_rcc_ex.c...
compiling stm32f7xx_hal_uart.c...
compiling stm32f7xx_hal_tim.c...
compiling mfxstm32l152.c...
compiling stm32f7xx_hal_tim_ex.c...
compiling stm32f7xx_it.c...
compiling config.c...
compiling system_stm32f7xx.c...
compiling main.c...
..\Src\main.c(75): warning:  #128-D: loop is not reachable
    while (1)
..\Src\main.c: 1 warning, 0 errors
compiling system_init.c...
linking...
Program Size: Code=11688 RO-data=676 RW-data=48 ZI-data=1200  
FromELF: creating hex file...
".\Objects\STM32F746_Experiment.axf" - 0 Error(s), 1 Warning(s).

<h2>Collection of Component include folders:</h2>
  E:\嵌入式实验\嵌入式系统实验指导2021New\STM32F746_Experiment_v1.1\05_TIMER\MDK_proj\RTE
  E:\MDK\ARM\PACK\Keil\STM32F7xx_DFP\2.4.0\Drivers\CMSIS\Device\ST\STM32F7xx\Include

<h2>Collection of Component Files used:</h2>
Build Time Elapsed:  00:00:11
</pre>
</body>
</html>
