<html>
<body>
<pre>
<h1>礦ision Build Log</h1>
<h2>Tool Versions:</h2>
IDE-Version: μVision V5.21.1.0
Copyright (C) 2016 ARM Ltd and ARM Germany GmbH. All rights reserved.
License Information: yunpeng wang, csu, LIC=----
 
Tool Versions:
Toolchain:       MDK-Lite  Version: 5.21a
Toolchain Path:  E:\MDK\ARM\ARMCC\Bin
C Compiler:      Armcc.exe V5.06 update 3 (build 300)
Assembler:       Armasm.exe V5.06 update 3 (build 300)
Linker/Locator:  ArmLink.exe V5.06 update 3 (build 300)
Library Manager: ArmAr.exe V5.06 update 3 (build 300)
Hex Converter:   FromElf.exe V5.06 update 3 (build 300)
CPU DLL:         SARM.DLL V5.21a
Dialog DLL:      DARMSS9.DLL V???
Target DLL:      UL2ARM.DLL V1.74.9.0
Dialog DLL:      TARMSS9.DLL V1.6.0.0
 
<h2>Project:</h2>
E:\嵌入式实验\嵌入式系统实验指导2021New\STM32F746_Experiment_v1.1\01_汇编\3.1_asm1\Asm1_a\asm_1a.uvproj
Project File Date:  06/16/2016

<h2>Output:</h2>
*** Using Compiler 'V5.06 update 3 (build 300)', folder: 'E:\MDK\ARM\ARMCC\Bin'
Rebuild target 'asm1'
assembling asm1_a.s...
linking...
Program Size: Code=36 RO-data=0 RW-data=0 ZI-data=0  
".\obj\asm1.axf" - 0 Error(s), 0 Warning(s).
Build Time Elapsed:  00:00:02
</pre>
</body>
</html>
