<html>
<body>
<pre>
<h1>礦ision Build Log</h1>
<h2>Tool Versions:</h2>
IDE-Version: μVision V5.21.1.0
Copyright (C) 2016 ARM Ltd and ARM Germany GmbH. All rights reserved.
License Information: yunpeng wang, csu, LIC=65ISZ-JSH45-X71RZ-JB02U-LP21V-Y0Z1J
 
Tool Versions:
Toolchain:       MDK-ARM Plus  Version: 5.21a
Toolchain Path:  E:\MDK\ARM\ARMCC\Bin
C Compiler:      Armcc.exe V5.06 update 3 (build 300)
Assembler:       Armasm.exe V5.06 update 3 (build 300)
Linker/Locator:  ArmLink.exe V5.06 update 3 (build 300)
Library Manager: ArmAr.exe V5.06 update 3 (build 300)
Hex Converter:   FromElf.exe V5.06 update 3 (build 300)
CPU DLL:         SARMCM3.DLL V5.21a
Dialog DLL:      DCM.DLL V1.13.8.0
Target DLL:      STLink\ST-LINKIII-KEIL_SWO.dll V2.0.18.0
Dialog DLL:      TCM.DLL V1.14.14.0
 
<h2>Project:</h2>
E:\嵌入式课设\实验42 汉字显示实验\USER\HZ.uvprojx
Project File Date:  06/22/2021

<h2>Output:</h2>
*** Using Compiler 'V5.06 update 3 (build 300)', folder: 'E:\MDK\ARM\ARMCC\Bin'
Build target 'HZ'
assembling startup_stm32f429xx.s...
compiling stm32f4xx_it.c...
compiling system_stm32f4xx.c...
compiling stm32f4xx_hal_gpio.c...
compiling stm32f4xx_hal_cortex.c...
compiling stm32f4xx_hal_pwr.c...
compiling stm32f4xx_hal.c...
compiling main.c...
main.c(29): warning:  #177-D: variable "fontcnt" was declared but never referenced
  	u32 fontcnt;		  
main.c(30): warning:  #177-D: variable "i" was declared but never referenced
  	u8 i,j;
main.c(30): warning:  #177-D: variable "j" was declared but never referenced
  	u8 i,j;
main.c(31): warning:  #177-D: variable "fontx" was declared but never referenced
  	u8 fontx[2];                    //gbk??
main.c: 4 warnings, 0 errors
compiling stm32f4xx_hal_rcc_ex.c...
compiling stm32f4xx_hal_dma_ex.c...
compiling stm32f4xx_hal_usart.c...
compiling stm32f4xx_hal_uart.c...
compiling stm32f4xx_hal_dma.c...
compiling stm32f4xx_hal_pwr_ex.c...
compiling stm32f4xx_hal_rcc.c...
compiling stm32f4xx_hal_sdram.c...
compiling stm32f4xx_hal_ltdc_ex.c...
compiling stm32f4xx_hal_ltdc.c...
compiling stm32f4xx_hal_sram.c...
compiling stm32f4xx_hal_tim_ex.c...
compiling stm32f4xx_ll_fmc.c...
compiling stm32f4xx_hal_tim.c...
compiling stm32f4xx_hal_nand.c...
compiling stm32f4xx_ll_sdmmc.c...
compiling delay.c...
compiling sys.c...
compiling stm32f4xx_hal_dma2d.c...
compiling stm32f4xx_hal_spi.c...
compiling stm32f4xx_hal_sd.c...
compiling sdio_sdcard.c...
compiling led.c...
compiling ltdc.c...
compiling key.c...
compiling sdram.c...
compiling usart.c...
compiling lcd.c...
compiling ff.c...
compiling spi.c...
compiling diskio.c...
compiling exfuns.c...
compiling nand.c...
compiling w25qxx.c...
compiling malloc.c...
compiling ftl.c...
compiling mycc936.c...
compiling fontupd.c...
compiling text.c...
linking...
Program Size: Code=36246 RO-data=18794 RW-data=116 ZI-data=33750964  
FromELF: creating hex file...
"..\OBJ\HZ.axf" - 0 Error(s), 4 Warning(s).

<h2>Collection of Component include folders:</h2>
  E:\嵌入式课设\实验42 汉字显示实验\USER\RTE
  E:\MDK\ARM\PACK\Keil\STM32F4xx_DFP\2.15.0\Drivers\CMSIS\Device\ST\STM32F4xx\Include

<h2>Collection of Component Files used:</h2>
Build Time Elapsed:  00:00:41
</pre>
</body>
</html>
